Archive member included to satisfy reference by file (symbol)

/usr/lib/gcc/arm-none-eabi/14.2.0/../../../../arm-none-eabi/lib/thumb/v8-m.main+fp/hard/libg_nano.a(libc_a-atexit.o)
                              /usr/lib/gcc/arm-none-eabi/14.2.0/../../../../arm-none-eabi/lib/thumb/v8-m.main+fp/hard/crt0.o (atexit)
/usr/lib/gcc/arm-none-eabi/14.2.0/../../../../arm-none-eabi/lib/thumb/v8-m.main+fp/hard/libg_nano.a(libc_a-exit.o)
                              /usr/lib/gcc/arm-none-eabi/14.2.0/../../../../arm-none-eabi/lib/thumb/v8-m.main+fp/hard/crt0.o (exit)
/usr/lib/gcc/arm-none-eabi/14.2.0/../../../../arm-none-eabi/lib/thumb/v8-m.main+fp/hard/libg_nano.a(libc_a-findfp.o)
                              /usr/lib/gcc/arm-none-eabi/14.2.0/../../../../arm-none-eabi/lib/thumb/v8-m.main+fp/hard/libg_nano.a(libc_a-exit.o) (__stdio_exit_handler)
/usr/lib/gcc/arm-none-eabi/14.2.0/../../../../arm-none-eabi/lib/thumb/v8-m.main+fp/hard/libg_nano.a(libc_a-fwalk.o)
                              /usr/lib/gcc/arm-none-eabi/14.2.0/../../../../arm-none-eabi/lib/thumb/v8-m.main+fp/hard/libg_nano.a(libc_a-findfp.o) (_fwalk_sglue)
/usr/lib/gcc/arm-none-eabi/14.2.0/../../../../arm-none-eabi/lib/thumb/v8-m.main+fp/hard/libg_nano.a(libc_a-stdio.o)
                              /usr/lib/gcc/arm-none-eabi/14.2.0/../../../../arm-none-eabi/lib/thumb/v8-m.main+fp/hard/libg_nano.a(libc_a-findfp.o) (__sread)
/usr/lib/gcc/arm-none-eabi/14.2.0/../../../../arm-none-eabi/lib/thumb/v8-m.main+fp/hard/libg_nano.a(libc_a-memset.o)
                              /usr/lib/gcc/arm-none-eabi/14.2.0/../../../../arm-none-eabi/lib/thumb/v8-m.main+fp/hard/crt0.o (memset)
/usr/lib/gcc/arm-none-eabi/14.2.0/../../../../arm-none-eabi/lib/thumb/v8-m.main+fp/hard/libg_nano.a(libc_a-closer.o)
                              /usr/lib/gcc/arm-none-eabi/14.2.0/../../../../arm-none-eabi/lib/thumb/v8-m.main+fp/hard/libg_nano.a(libc_a-stdio.o) (_close_r)
/usr/lib/gcc/arm-none-eabi/14.2.0/../../../../arm-none-eabi/lib/thumb/v8-m.main+fp/hard/libg_nano.a(libc_a-reent.o)
                              /usr/lib/gcc/arm-none-eabi/14.2.0/../../../../arm-none-eabi/lib/thumb/v8-m.main+fp/hard/libg_nano.a(libc_a-closer.o) (errno)
/usr/lib/gcc/arm-none-eabi/14.2.0/../../../../arm-none-eabi/lib/thumb/v8-m.main+fp/hard/libg_nano.a(libc_a-impure.o)
                              /usr/lib/gcc/arm-none-eabi/14.2.0/../../../../arm-none-eabi/lib/thumb/v8-m.main+fp/hard/libg_nano.a(libc_a-reent.o) (_impure_ptr)
/usr/lib/gcc/arm-none-eabi/14.2.0/../../../../arm-none-eabi/lib/thumb/v8-m.main+fp/hard/libg_nano.a(libc_a-lseekr.o)
                              /usr/lib/gcc/arm-none-eabi/14.2.0/../../../../arm-none-eabi/lib/thumb/v8-m.main+fp/hard/libg_nano.a(libc_a-stdio.o) (_lseek_r)
/usr/lib/gcc/arm-none-eabi/14.2.0/../../../../arm-none-eabi/lib/thumb/v8-m.main+fp/hard/libg_nano.a(libc_a-readr.o)
                              /usr/lib/gcc/arm-none-eabi/14.2.0/../../../../arm-none-eabi/lib/thumb/v8-m.main+fp/hard/libg_nano.a(libc_a-stdio.o) (_read_r)
/usr/lib/gcc/arm-none-eabi/14.2.0/../../../../arm-none-eabi/lib/thumb/v8-m.main+fp/hard/libg_nano.a(libc_a-writer.o)
                              /usr/lib/gcc/arm-none-eabi/14.2.0/../../../../arm-none-eabi/lib/thumb/v8-m.main+fp/hard/libg_nano.a(libc_a-stdio.o) (_write_r)
/usr/lib/gcc/arm-none-eabi/14.2.0/../../../../arm-none-eabi/lib/thumb/v8-m.main+fp/hard/libg_nano.a(libc_a-errno.o)
                              CMakeFiles/LED.elf.dir/ra/fsp/src/bsp/mcu/all/bsp_sbrk.c.obj (__errno)
/usr/lib/gcc/arm-none-eabi/14.2.0/../../../../arm-none-eabi/lib/thumb/v8-m.main+fp/hard/libg_nano.a(libc_a-init.o)
                              /usr/lib/gcc/arm-none-eabi/14.2.0/../../../../arm-none-eabi/lib/thumb/v8-m.main+fp/hard/crt0.o (__libc_init_array)
/usr/lib/gcc/arm-none-eabi/14.2.0/../../../../arm-none-eabi/lib/thumb/v8-m.main+fp/hard/libg_nano.a(libc_a-fini.o)
                              /usr/lib/gcc/arm-none-eabi/14.2.0/../../../../arm-none-eabi/lib/thumb/v8-m.main+fp/hard/crt0.o (__libc_fini_array)
/usr/lib/gcc/arm-none-eabi/14.2.0/../../../../arm-none-eabi/lib/thumb/v8-m.main+fp/hard/libg_nano.a(libc_a-lock.o)
                              /usr/lib/gcc/arm-none-eabi/14.2.0/../../../../arm-none-eabi/lib/thumb/v8-m.main+fp/hard/libg_nano.a(libc_a-findfp.o) (__retarget_lock_init_recursive)
/usr/lib/gcc/arm-none-eabi/14.2.0/../../../../arm-none-eabi/lib/thumb/v8-m.main+fp/hard/libg_nano.a(libc_a-memcpy-stub.o)
                              CMakeFiles/LED.elf.dir/ra/fsp/src/bsp/cmsis/Device/RENESAS/Source/system.c.obj (memcpy)
/usr/lib/gcc/arm-none-eabi/14.2.0/../../../../arm-none-eabi/lib/thumb/v8-m.main+fp/hard/libg_nano.a(libc_a-__atexit.o)
                              /usr/lib/gcc/arm-none-eabi/14.2.0/../../../../arm-none-eabi/lib/thumb/v8-m.main+fp/hard/libg_nano.a(libc_a-atexit.o) (__register_exitproc)
/usr/lib/gcc/arm-none-eabi/14.2.0/../../../../arm-none-eabi/lib/thumb/v8-m.main+fp/hard/libg_nano.a(libc_a-__call_atexit.o)
[...]
Memory Configuration

Name             Origin             Length             Attributes
RAM              0x20000000         0x00020000         xrw
FLASH            0x00000000         0x00080000         xr
DATA_FLASH       0x08000000         0x00002000         xr
QSPI_FLASH       0x60000000         0x04000000         xr
OPTION_SETTING_OFS0 0x0100a100         0x00000004         r
OPTION_SETTING_OFS1 0x0100a180         0x00000004         r
OPTION_SETTING_BPS 0x0100a1c0         0x00000004         r
OPTION_SETTING_PBPS 0x0100a1e0         0x00000004         r
OPTION_SETTING_OFS1_SEC 0x0100a200         0x00000004         r
OPTION_SETTING_BPS_SEC 0x0100a240         0x00000004         r
OPTION_SETTING_PBPS_SEC 0x0100a260         0x00000004         r
OPTION_SETTING_OFS1_SEL 0x0100a280         0x00000004         r
OPTION_SETTING_BPS_SEL 0x0100a2c0         0x00000004         r
*default*        0x00000000         0xffffffff

Linker script and memory map

LOAD /usr/lib/gcc/arm-none-eabi/14.2.0/thumb/v8-m.main+fp/hard/crti.o
LOAD /usr/lib/gcc/arm-none-eabi/14.2.0/thumb/v8-m.main+fp/hard/crtbegin.o
LOAD /usr/lib/gcc/arm-none-eabi/14.2.0/../../../../arm-none-eabi/lib/thumb/v8-m.main+fp/hard/crt0.o
LOAD CMakeFiles/LED.elf.dir/ra/fsp/src/bsp/cmsis/Device/RENESAS/Source/startup.c.obj
LOAD CMakeFiles/LED.elf.dir/ra/fsp/src/bsp/cmsis/Device/RENESAS/Source/system.c.obj
LOAD CMakeFiles/LED.elf.dir/ra/fsp/src/bsp/mcu/all/bsp_clocks.c.obj
LOAD CMakeFiles/LED.elf.dir/ra/fsp/src/bsp/mcu/all/bsp_common.c.obj
LOAD CMakeFiles/LED.elf.dir/ra/fsp/src/bsp/mcu/all/bsp_delay.c.obj
LOAD CMakeFiles/LED.elf.dir/ra/fsp/src/bsp/mcu/all/bsp_group_irq.c.obj
LOAD CMakeFiles/LED.elf.dir/ra/fsp/src/bsp/mcu/all/bsp_guard.c.obj
LOAD CMakeFiles/LED.elf.dir/ra/fsp/src/bsp/mcu/all/bsp_io.c.obj
LOAD CMakeFiles/LED.elf.dir/ra/fsp/src/bsp/mcu/all/bsp_ipc.c.obj
LOAD CMakeFiles/LED.elf.dir/ra/fsp/src/bsp/mcu/all/bsp_irq.c.obj
LOAD CMakeFiles/LED.elf.dir/ra/fsp/src/bsp/mcu/all/bsp_macl.c.obj
LOAD CMakeFiles/LED.elf.dir/ra/fsp/src/bsp/mcu/all/bsp_ospi_b.c.obj
LOAD CMakeFiles/LED.elf.dir/ra/fsp/src/bsp/mcu/all/bsp_register_protection.c.obj
LOAD CMakeFiles/LED.elf.dir/ra/fsp/src/bsp/mcu/all/bsp_sbrk.c.obj
LOAD CMakeFiles/LED.elf.dir/ra/fsp/src/bsp/mcu/all/bsp_sdram.c.obj
LOAD CMakeFiles/LED.elf.dir/ra/fsp/src/bsp/mcu/all/bsp_security.c.obj
LOAD CMakeFiles/LED.elf.dir/ra/fsp/src/bsp/mcu/ra4m2/bsp_linker.c.obj
LOAD CMakeFiles/LED.elf.dir/ra/fsp/src/r_ioport/r_ioport.c.obj
LOAD CMakeFiles/LED.elf.dir/ra_gen/common_data.c.obj
LOAD CMakeFiles/LED.elf.dir/ra_gen/hal_data.c.obj
LOAD CMakeFiles/LED.elf.dir/ra_gen/main.c.obj
LOAD CMakeFiles/LED.elf.dir/ra_gen/pin_data.c.obj
LOAD CMakeFiles/LED.elf.dir/ra_gen/vector_data.c.obj
LOAD CMakeFiles/LED.elf.dir/src/hal_entry.c.obj
LOAD CMakeFiles/LED.elf.dir/src/hal_warmstart.c.obj
START GROUP
LOAD /usr/lib/gcc/arm-none-eabi/14.2.0/thumb/v8-m.main+fp/hard/libgcc.a
LOAD /usr/lib/gcc/arm-none-eabi/14.2.0/../../../../arm-none-eabi/lib/thumb/v8-m.main+fp/hard/libg_nano.a
LOAD /usr/lib/gcc/arm-none-eabi/14.2.0/../../../../arm-none-eabi/lib/thumb/v8-m.main+fp/hard/libc_nano.a
END GROUP
START GROUP
LOAD /usr/lib/gcc/arm-none-eabi/14.2.0/thumb/v8-m.main+fp/hard/libgcc.a
LOAD /usr/lib/gcc/arm-none-eabi/14.2.0/../../../../arm-none-eabi/lib/thumb/v8-m.main+fp/hard/libc_nano.a
END GROUP
LOAD /usr/lib/gcc/arm-none-eabi/14.2.0/thumb/v8-m.main+fp/hard/crtend.o
LOAD /usr/lib/gcc/arm-none-eabi/14.2.0/thumb/v8-m.main+fp/hard/crtn.o
                0x20000000                        RAM_START = 0x20000000
                0x00020000                        RAM_LENGTH = 0x20000
                0x00000000                        FLASH_START = 0x0
                0x00080000                        FLASH_LENGTH = 0x80000
                0x08000000                        DATA_FLASH_START = 0x8000000
                0x00002000                        DATA_FLASH_LENGTH = 0x2000
                0x60000000                        QSPI_FLASH_START = 0x60000000
                0x04000000                        QSPI_FLASH_LENGTH = 0x4000000
                0x0100a100                        OPTION_SETTING_OFS0_START = 0x100a100
                0x00000004                        OPTION_SETTING_OFS0_LENGTH = 0x4
                0x0100a180                        OPTION_SETTING_OFS1_START = 0x100a180
                0x00000004                        OPTION_SETTING_OFS1_LENGTH = 0x4
                0x0100a1c0                        OPTION_SETTING_BPS_START = 0x100a1c0
                0x00000004                        OPTION_SETTING_BPS_LENGTH = 0x4
                0x0100a1e0                        OPTION_SETTING_PBPS_START = 0x100a1e0
                0x00000004                        OPTION_SETTING_PBPS_LENGTH = 0x4
                0x0100a200                        OPTION_SETTING_OFS1_SEC_START = 0x100a200
                0x00000004                        OPTION_SETTING_OFS1_SEC_LENGTH = 0x4
                0x0100a240                        OPTION_SETTING_BPS_SEC_START = 0x100a240
                0x00000004                        OPTION_SETTING_BPS_SEC_LENGTH = 0x4
                0x0100a260                        OPTION_SETTING_PBPS_SEC_START = 0x100a260
                0x00000004                        OPTION_SETTING_PBPS_SEC_LENGTH = 0x4
                0x0100a280                        OPTION_SETTING_OFS1_SEL_START = 0x100a280
                0x00000004                        OPTION_SETTING_OFS1_SEL_LENGTH = 0x4
                0x0100a2c0                        OPTION_SETTING_BPS_SEL_START = 0x100a2c0
                0x00000004                        OPTION_SETTING_BPS_SEL_LENGTH = 0x4
START GROUP
LOAD /usr/lib/gcc/arm-none-eabi/14.2.0/thumb/v8-m.main+fp/hard/libgcc.a
LOAD /usr/lib/gcc/arm-none-eabi/14.2.0/../../../../arm-none-eabi/lib/thumb/v8-m.main+fp/hard/libc.a
LOAD /usr/lib/gcc/arm-none-eabi/14.2.0/../../../../arm-none-eabi/lib/thumb/v8-m.main+fp/hard/libm.a
END GROUP

.qspi_flash.startof
                0x60000000        0x0
                0x60000000                        __ddsc_QSPI_FLASH_START = .

.ram.startof    0x20000000        0x0
                0x20000000                        __ddsc_RAM_START = .

__ram_dtc_vector$$
                0x20000000        0x0
                0x20000000                        __ram_dtc_vector$$Base = .
 *(.fsp_dtc_vector_table)
                0x20000000                        __ram_dtc_vector$$Limit = .

__ram_from_qspi_flash$$
                0x20000000        0x0 load address 0x60000000
                0x20000000                        __ram_from_qspi_flash$$Base = .
                0x60000000                        __ram_from_qspi_flash$$Load = LOADADDR (__ram_from_qspi_flash$$)
 *(.ram_from_qspi_flash)
 *(.ram_code_from_qspi_flash)
                0x20000000                        __ram_from_qspi_flash$$Limit = .

__qspi_flash_readonly$$
                0x60000000        0x0
                0x60000000                        __qspi_flash_readonly$$Base = .
 *(.qspi_flash)
 *(.qspi_flash_code)
                0x60000000                        __qspi_flash_readonly$$Limit = .

__qspi_flash_noinit$$
                0x60000000        0x0
                0x60000000                        __qspi_flash_noinit$$Base = .
 *(.qspi_flash_noinit)
                0x60000000                        __qspi_flash_noinit$$Limit = .

.qspi_flash.endof
                0x60000000        0x0
                0x60000000                        __ddsc_QSPI_FLASH_END = .

.data_flash.startof
                0x08000000        0x0
                0x08000000                        __ddsc_DATA_FLASH_START = .

__ram_from_data_flash$$
                0x20000000        0x0 load address 0x08000000
                0x20000000                        __ram_from_data_flash$$Base = .
                0x08000000                        __ram_from_data_flash$$Load = LOADADDR (__ram_from_data_flash$$)
 *(.ram_from_data_flash)
 *(.ram_code_from_data_flash)
                0x20000000                        __ram_from_data_flash$$Limit = .

__data_flash_readonly$$
                0x08000000        0x0
                0x08000000                        __data_flash_readonly$$Base = .
 *(.data_flash)
 *(.data_flash_code)
                0x08000000                        __data_flash_readonly$$Limit = .

__data_flash_noinit$$
                0x08000000        0x0
                0x08000000                        __data_flash_noinit$$Base = .
 *(.data_flash_noinit)
                0x08000000                        __data_flash_noinit$$Limit = .

.data_flash.endof
                0x08000000        0x0
                0x08000000                        __ddsc_DATA_FLASH_END = .

.flash.startof  0x00000000        0x0
                0x00000000                        __ddsc_FLASH_START = .

__flash_vectors$$
                0x00000000       0x40
                0x00000000                        __flash_vectors$$Base = .
                0x00000000                        _VECTORS = .
 *(.fixed_vectors)
 .fixed_vectors
                0x00000000       0x40 CMakeFiles/LED.elf.dir/ra/fsp/src/bsp/cmsis/Device/RENESAS/Source/startup.c.obj
                0x00000000                __Vectors
 *(.application_vectors)
                0x00000040                        __flash_vectors$$Limit = .

__flash_noinit$$
                0x00000040        0x0
                0x00000040                        __flash_noinit$$Base = .
 *(.flash_noinit)
                0x00000040                        __flash_noinit$$Limit = .

__ram_from_flash$$
                0x20000000        0x0 load address 0x00000040
                0x20000000                        __ram_from_flash$$Base = .
                0x00000040                        __ram_from_flash$$Load = LOADADDR (__ram_from_flash$$)
 *(.ram_from_flash)
 *(.ram_code_from_flash)
 *(.data*)
 *(vtable)
                0x20000000                        __ram_from_flash$$Limit = .

__ram_noinit$$  0x20000000      0x41c load address 0x00000040
                0x20000000                        __ram_noinit$$Base = .
 *(.bss.g_heap)
 *(.bss.g_main_stack)
 .bss.g_main_stack
                0x20000000      0x400 CMakeFiles/LED.elf.dir/ra/fsp/src/bsp/cmsis/Device/RENESAS/Source/startup.c.obj
                0x20000000                g_main_stack
 *(.ram_noinit)
 .ram_noinit    0x20000400       0x1c CMakeFiles/LED.elf.dir/ra/fsp/src/bsp/mcu/all/bsp_clocks.c.obj
 *(.noinit)
                0x2000041c                        __ram_noinit$$Limit = .

__ram_zero$$    0x2000041c       0x70 load address 0x00000040
                0x2000041c                        __ram_zero$$Base = .
 *(.ram)
 *(.bss*)
 .bss.completed.1
                0x2000041c        0x1 /usr/lib/gcc/arm-none-eabi/14.2.0/thumb/v8-m.main+fp/hard/crtbegin.o
 *fill*         0x2000041d        0x3 
 .bss.object.0  0x20000420       0x18 /usr/lib/gcc/arm-none-eabi/14.2.0/thumb/v8-m.main+fp/hard/crtbegin.o
 .bss.SystemCoreClock
                0x20000438        0x4 CMakeFiles/LED.elf.dir/ra/fsp/src/bsp/cmsis/Device/RENESAS/Source/system.c.obj
                0x20000438                SystemCoreClock
 .bss.g_bsp_group_irq_sources
                0x2000043c       0x38 CMakeFiles/LED.elf.dir/ra/fsp/src/bsp/mcu/all/bsp_group_irq.c.obj
                0x2000043c                g_bsp_group_irq_sources
 .bss.g_protect_pfswe_counter
                0x20000474        0x4 CMakeFiles/LED.elf.dir/ra/fsp/src/bsp/mcu/all/bsp_io.c.obj
                0x20000474                g_protect_pfswe_counter
 .bss.g_protect_counters
                0x20000478        0xa CMakeFiles/LED.elf.dir/ra/fsp/src/bsp/mcu/all/bsp_register_protection.c.obj
                0x20000478                g_protect_counters
 *fill*         0x20000482        0x2 
 .bss.g_ioport_ctrl
                0x20000484        0x8 CMakeFiles/LED.elf.dir/ra_gen/common_data.c.obj
                0x20000484                g_ioport_ctrl
                0x2000048c                        __ram_zero$$Limit = .

__ram_thread_stack$$
                0x20000490        0x0 load address 0x00000040
                0x20000490                        __ram_thread_stack$$Base = .
 *(.stack?*)
                0x20000490                        __ram_thread_stack$$Limit = .

.ram.endof      0x20000600        0x0
                0x20000600                        __ddsc_RAM_END = .

__flash_readonly$$
                0x00000040      0x878
                0x00000040                        __flash_readonly$$Base = .
 *(.flash)
 *(.flash_code)
 *(.text*)
 .text.__do_global_dtors_aux
                0x00000040       0x24 /usr/lib/gcc/arm-none-eabi/14.2.0/thumb/v8-m.main+fp/hard/crtbegin.o
 .text.frame_dummy
                0x00000064       0x1c /usr/lib/gcc/arm-none-eabi/14.2.0/thumb/v8-m.main+fp/hard/crtbegin.o
 .text.Default_Handler
                0x00000080        0x4 CMakeFiles/LED.elf.dir/ra/fsp/src/bsp/cmsis/Device/RENESAS/Source/startup.c.obj
                0x00000080                DebugMon_Handler
                0x00000080                HardFault_Handler
                0x00000080                SysTick_Handler
                0x00000080                PendSV_Handler
                0x00000080                UsageFault_Handler
                0x00000080                SecureFault_Handler
                0x00000080                Default_Handler
                0x00000080                MemManage_Handler
                0x00000080                SVC_Handler
                0x00000080                BusFault_Handler
 .text.Reset_Handler
                0x00000084        0xc CMakeFiles/LED.elf.dir/ra/fsp/src/bsp/cmsis/Device/RENESAS/Source/startup.c.obj
                0x00000084                Reset_Handler
 .text.SystemRuntimeInit
                0x00000090       0x64 CMakeFiles/LED.elf.dir/ra/fsp/src/bsp/cmsis/Device/RENESAS/Source/system.c.obj
 .text.SystemInit
                0x000000f4       0xbc CMakeFiles/LED.elf.dir/ra/fsp/src/bsp/cmsis/Device/RENESAS/Source/system.c.obj
                0x000000f4                SystemInit
 .text.SystemCoreClockUpdate
                0x000001b0       0x28 CMakeFiles/LED.elf.dir/ra/fsp/src/bsp/mcu/all/bsp_clocks.c.obj
                0x000001b0                SystemCoreClockUpdate
 .text.R_BSP_SubClockStabilizeWaitAfterReset
                0x000001d8        0x4 CMakeFiles/LED.elf.dir/ra/fsp/src/bsp/mcu/all/bsp_clocks.c.obj
                0x000001d8                R_BSP_SubClockStabilizeWaitAfterReset
 .text.bsp_clock_init
                0x000001dc      0x130 CMakeFiles/LED.elf.dir/ra/fsp/src/bsp/mcu/all/bsp_clocks.c.obj
                0x000001dc                bsp_clock_init
 .text.R_BSP_Init_RTC
                0x0000030c       0xb0 CMakeFiles/LED.elf.dir/ra/fsp/src/bsp/mcu/all/bsp_clocks.c.obj
                0x0000030c                R_BSP_Init_RTC
 .text.bsp_init_internal
                0x000003bc        0x4 CMakeFiles/LED.elf.dir/ra/fsp/src/bsp/mcu/all/bsp_common.c.obj
                0x000003bc                bsp_init
                0x000003bc                bsp_init_internal
 .text.bsp_prv_software_delay_loop
                0x000003c0        0xc CMakeFiles/LED.elf.dir/ra/fsp/src/bsp/mcu/all/bsp_delay.c.obj
                0x000003c0                bsp_prv_software_delay_loop
 .text.R_BSP_SoftwareDelay
                0x000003cc       0x58 CMakeFiles/LED.elf.dir/ra/fsp/src/bsp/mcu/all/bsp_delay.c.obj
                0x000003cc                R_BSP_SoftwareDelay
 .text.NMI_Handler
                0x00000424       0x3c CMakeFiles/LED.elf.dir/ra/fsp/src/bsp/mcu/all/bsp_group_irq.c.obj
                0x00000424                NMI_Handler
 .text.bsp_irq_cfg
                0x00000460       0x68 CMakeFiles/LED.elf.dir/ra/fsp/src/bsp/mcu/all/bsp_irq.c.obj
                0x00000460                bsp_irq_cfg
 .text.R_BSP_RegisterProtectEnable
                0x000004c8       0x60 CMakeFiles/LED.elf.dir/ra/fsp/src/bsp/mcu/all/bsp_register_protection.c.obj
                0x000004c8                R_BSP_RegisterProtectEnable
 .text.R_BSP_RegisterProtectDisable
                0x00000528       0x54 CMakeFiles/LED.elf.dir/ra/fsp/src/bsp/mcu/all/bsp_register_protection.c.obj
                0x00000528                R_BSP_RegisterProtectDisable
 .text.R_IOPORT_PinWrite
                0x0000057c       0x20 CMakeFiles/LED.elf.dir/ra/fsp/src/r_ioport/r_ioport.c.obj
                0x0000057c                R_IOPORT_PinWrite
 .text.bsp_vbatt_init
                0x0000059c       0xe8 CMakeFiles/LED.elf.dir/ra/fsp/src/r_ioport/r_ioport.c.obj
 .text.r_ioport_pins_config
                0x00000684       0xac CMakeFiles/LED.elf.dir/ra/fsp/src/r_ioport/r_ioport.c.obj
 .text.R_IOPORT_Open
                0x00000730       0x14 CMakeFiles/LED.elf.dir/ra/fsp/src/r_ioport/r_ioport.c.obj
                0x00000730                R_IOPORT_Open
 .text.startup.main
                0x00000744        0xc CMakeFiles/LED.elf.dir/ra_gen/main.c.obj
                0x00000744                main
 .text.hal_entry
                0x00000750       0x44 CMakeFiles/LED.elf.dir/src/hal_entry.c.obj
                0x00000750                hal_entry
 .text.R_BSP_WarmStart
                0x00000794       0x18 CMakeFiles/LED.elf.dir/src/hal_warmstart.c.obj
                0x00000794                R_BSP_WarmStart
 .text.memset   0x000007ac       0x10 /usr/lib/gcc/arm-none-eabi/14.2.0/../../../../arm-none-eabi/lib/thumb/v8-m.main+fp/hard/libg_nano.a(libc_a-memset.o)
                0x000007ac                memset
 .text.memcpy   0x000007bc       0x1a /usr/lib/gcc/arm-none-eabi/14.2.0/../../../../arm-none-eabi/lib/thumb/v8-m.main+fp/hard/libg_nano.a(libc_a-memcpy-stub.o)
                0x000007bc                memcpy
 *(.rodata*)
 *fill*         0x000007d6        0x2 
 .rodata.g_interrupt_event_link_select
                0x000007d8        0x2 CMakeFiles/LED.elf.dir/ra/fsp/src/bsp/mcu/all/bsp_irq.c.obj
                0x000007d8                g_interrupt_event_link_select
 *fill*         0x000007da        0x2 
 .rodata.g_prcr_masks
                0x000007dc        0xa CMakeFiles/LED.elf.dir/ra/fsp/src/bsp/mcu/all/bsp_register_protection.c.obj
 *fill*         0x000007e6        0x2 
 .rodata.g_init_info
                0x000007e8       0x10 CMakeFiles/LED.elf.dir/ra/fsp/src/bsp/mcu/ra4m2/bsp_linker.c.obj
                0x000007e8                g_init_info
 .rodata.copy_list
                0x000007f8       0x30 CMakeFiles/LED.elf.dir/ra/fsp/src/bsp/mcu/ra4m2/bsp_linker.c.obj
 .rodata.zero_list
                0x00000828        0xc CMakeFiles/LED.elf.dir/ra/fsp/src/bsp/mcu/ra4m2/bsp_linker.c.obj
 .rodata.g_vbatt_pins_input
                0x00000834        0x6 CMakeFiles/LED.elf.dir/ra/fsp/src/r_ioport/r_ioport.c.obj
 *fill*         0x0000083a        0x2 
 .rodata.g_bsp_pin_cfg
                0x0000083c        0xc CMakeFiles/LED.elf.dir/ra_gen/pin_data.c.obj
                0x0000083c                g_bsp_pin_cfg
 .rodata.g_bsp_pin_cfg_data
                0x00000848       0x20 CMakeFiles/LED.elf.dir/ra_gen/pin_data.c.obj
                0x00000848                g_bsp_pin_cfg_data
 *(.mcuboot_sce9_key)
 *(.version)
 .version       0x00000868       0x50 CMakeFiles/LED.elf.dir/ra/fsp/src/bsp/mcu/all/bsp_common.c.obj
                0x000008b8                        __flash_readonly$$Limit = .

.glue_7         0x000008b8        0x0
 .glue_7        0x000008b8        0x0 linker stubs

.glue_7t        0x000008b8        0x0
 .glue_7t       0x000008b8        0x0 linker stubs

.vfp11_veneer   0x000008b8        0x0
 .vfp11_veneer  0x000008b8        0x0 linker stubs

.v4_bx          0x000008b8        0x0
 .v4_bx         0x000008b8        0x0 linker stubs

.init           0x000008b8        0x4
 .init          0x000008b8        0x4 /usr/lib/gcc/arm-none-eabi/14.2.0/thumb/v8-m.main+fp/hard/crti.o
                0x000008b8                _init

.fini           0x000008bc        0x4
 .fini          0x000008bc        0x4 /usr/lib/gcc/arm-none-eabi/14.2.0/thumb/v8-m.main+fp/hard/crti.o
                0x000008bc                _fini

.iplt           0x000008c0        0x0
 .iplt          0x000008c0        0x0 /usr/lib/gcc/arm-none-eabi/14.2.0/thumb/v8-m.main+fp/hard/crtbegin.o

__flash_ctor$$
 *crtbegin.o(.ctors)
 *crtbegin?.o(.ctors)
 EXCLUDE_FILE(*crtend.o *crtend?.o) *(.ctors)
 *(SORT_BY_NAME(.ctors.*))
 *(.ctors)
 *crtbegin.o(.dtors)
 *crtbegin?.o(.dtors)
 EXCLUDE_FILE(*crtend.o *crtend?.o) *(.dtors)
 *(SORT_BY_NAME(.dtors.*))
 *(.dtors)

__flash_preinit_array$$
                0x000008c0        0x0
                0x000008c0                        __preinit_array_start = .
 *(.preinit_array)
                0x000008c0                        __preinit_array_end = .

__flash_.got$$
 *(.got.plt)
 *(.got)

__flash_init_array$$
                0x000008c0        0x4
                0x000008c0                        __init_array_start = .
 *(SORT_BY_NAME(.init_array.*))
 *(.init_array)
 .init_array    0x000008c0        0x4 /usr/lib/gcc/arm-none-eabi/14.2.0/thumb/v8-m.main+fp/hard/crtbegin.o
                0x000008c4                        __init_array_end = .

__flash_fini_array$$
                0x000008c4        0x4
                0x000008c4                        __fini_array_start = .
 *(SORT_BY_NAME(.fini_array.*))
 *(.fini_array)
 .fini_array    0x000008c4        0x4 /usr/lib/gcc/arm-none-eabi/14.2.0/thumb/v8-m.main+fp/hard/crtbegin.o
                0x000008c8                        __fini_array_end = .

.igot.plt       0x000008c8        0x0
 .igot.plt      0x000008c8        0x0 /usr/lib/gcc/arm-none-eabi/14.2.0/thumb/v8-m.main+fp/hard/crtbegin.o

__flash_arm.extab$$
 *(.ARM.extab*)
 *(.gnu.linkonce.armextab.*)

__flash_arm.exidx$$
                0x000008c8        0x0
                0x000008c8                        __exidx_start = .
 *(.ARM.exidx*)
 *(.gnu.linkonce.armexidx.*)
                0x000008c8                        __exidx_end = .

.flash.endof    0x00000a00        0x0
                0x00000a00                        __ddsc_FLASH_END = .

.option_setting_ofs0.startof
                0x0100a100        0x0
                0x0100a100                        __ddsc_OPTION_SETTING_OFS0_START = .

__option_setting_ofs0_reg$$
                0x0100a100        0x4
                0x0100a100                        __option_setting_ofs0_reg$$Base = .
 *(.option_setting_ofs0)
 .option_setting_ofs0
                0x0100a100        0x4 CMakeFiles/LED.elf.dir/ra/fsp/src/bsp/mcu/ra4m2/bsp_linker.c.obj
                0x0100a104                        __option_setting_ofs0_reg$$Limit = .

.option_setting_ofs0.endof
                0x0100a104        0x0
                0x0100a104                        __ddsc_OPTION_SETTING_OFS0_END = .

.option_setting_ofs1.startof
                0x0100a180        0x0
                0x0100a180                        __ddsc_OPTION_SETTING_OFS1_START = .

__option_setting_ofs1_reg$$
                0x0100a180        0x0
                0x0100a180                        __option_setting_ofs1_reg$$Base = .
 *(.option_setting_ofs1)
                0x0100a180                        __option_setting_ofs1_reg$$Limit = .

.option_setting_ofs1.endof
                0x0100a180        0x0
                0x0100a180                        __ddsc_OPTION_SETTING_OFS1_END = .

.option_setting_bps.startof
                0x0100a1c0        0x0
                0x0100a1c0                        __ddsc_OPTION_SETTING_BPS_START = .

__option_setting_bps_reg$$
                0x0100a1c0        0x0
                0x0100a1c0                        __option_setting_bps_reg$$Base = .
 *(.option_setting_bps)
                0x0100a1c0                        __option_setting_bps_reg$$Limit = .

.option_setting_bps.endof
                0x0100a1c0        0x0
                0x0100a1c0                        __ddsc_OPTION_SETTING_BPS_END = .

.option_setting_pbps.startof
                0x0100a1e0        0x0
                0x0100a1e0                        __ddsc_OPTION_SETTING_PBPS_START = .

__option_setting_pbps_reg$$
                0x0100a1e0        0x0
                0x0100a1e0                        __option_setting_pbps_reg$$Base = .
 *(.option_setting_pbps)
                0x0100a1e0                        __option_setting_pbps_reg$$Limit = .

.option_setting_pbps.endof
                0x0100a1e0        0x0
                0x0100a1e0                        __ddsc_OPTION_SETTING_PBPS_END = .

.option_setting_ofs1_sec.startof
                0x0100a200        0x0
                0x0100a200                        __ddsc_OPTION_SETTING_OFS1_SEC_START = .

__option_setting_ofs1_sec_reg$$
                0x0100a200        0x4
                0x0100a200                        __option_setting_ofs1_sec_reg$$Base = .
 *(.option_setting_ofs1_sec)
 .option_setting_ofs1_sec
                0x0100a200        0x4 CMakeFiles/LED.elf.dir/ra/fsp/src/bsp/mcu/ra4m2/bsp_linker.c.obj
                0x0100a204                        __option_setting_ofs1_sec_reg$$Limit = .

.option_setting_ofs1_sec.endof
                0x0100a204        0x0
                0x0100a204                        __ddsc_OPTION_SETTING_OFS1_SEC_END = .

.option_setting_bps_sec.startof
                0x0100a240        0x0
                0x0100a240                        __ddsc_OPTION_SETTING_BPS_SEC_START = .

__option_setting_bps_sec_reg$$
                0x0100a240        0x0
                0x0100a240                        __option_setting_bps_sec_reg$$Base = .
 *(.option_setting_bps_sec)
                0x0100a240                        __option_setting_bps_sec_reg$$Limit = .

.option_setting_bps_sec.endof
                0x0100a240        0x0
                0x0100a240                        __ddsc_OPTION_SETTING_BPS_SEC_END = .

.option_setting_pbps_sec.startof
                0x0100a260        0x0
                0x0100a260                        __ddsc_OPTION_SETTING_PBPS_SEC_START = .

__option_setting_pbps_sec_reg$$
                0x0100a260        0x0
                0x0100a260                        __option_setting_pbps_sec_reg$$Base = .
 *(.option_setting_pbps_sec)
                0x0100a260                        __option_setting_pbps_sec_reg$$Limit = .

.option_setting_pbps_sec.endof
                0x0100a260        0x0
                0x0100a260                        __ddsc_OPTION_SETTING_PBPS_SEC_END = .

.option_setting_ofs1_sel.startof
                0x0100a280        0x0
                0x0100a280                        __ddsc_OPTION_SETTING_OFS1_SEL_START = .

__option_setting_ofs1_sel_reg$$
                0x0100a280        0x4
                0x0100a280                        __option_setting_ofs1_sel_reg$$Base = .
 *(.option_setting_ofs1_sel)
 .option_setting_ofs1_sel
                0x0100a280        0x4 CMakeFiles/LED.elf.dir/ra/fsp/src/bsp/mcu/ra4m2/bsp_linker.c.obj
                0x0100a284                        __option_setting_ofs1_sel_reg$$Limit = .

.eh_frame       0x0100a284        0x0
 .eh_frame      0x0100a284        0x0 /usr/lib/gcc/arm-none-eabi/14.2.0/thumb/v8-m.main+fp/hard/crtbegin.o

.rel.dyn        0x0100a284        0x0
 .rel.iplt      0x0100a284        0x0 /usr/lib/gcc/arm-none-eabi/14.2.0/thumb/v8-m.main+fp/hard/crtbegin.o

.option_setting_ofs1_sel.endof
                0x0100a284        0x0
                0x0100a284                        __ddsc_OPTION_SETTING_OFS1_SEL_END = .

.option_setting_bps_sel.startof
                0x0100a2c0        0x0
                0x0100a2c0                        __ddsc_OPTION_SETTING_BPS_SEL_START = .

__option_setting_bps_sel_reg$$
                0x0100a2c0        0x0
                0x0100a2c0                        __option_setting_bps_sel_reg$$Base = .
 *(.option_setting_bps_sel)
                0x0100a2c0                        __option_setting_bps_sel_reg$$Limit = .

.option_setting_bps_sel.endof
                0x0100a2c0        0x0
                0x0100a2c0                        __ddsc_OPTION_SETTING_BPS_SEL_END = .
OUTPUT(LED.elf elf32-littlearm)
LOAD linker stubs

.ARM.attributes
                0x00000000       0x36
 .ARM.attributes
                0x00000000       0x26 /usr/lib/gcc/arm-none-eabi/14.2.0/thumb/v8-m.main+fp/hard/crti.o
 .ARM.attributes
                0x00000026       0x38 /usr/lib/gcc/arm-none-eabi/14.2.0/thumb/v8-m.main+fp/hard/crtbegin.o
 .ARM.attributes
                0x0000005e       0x3a CMakeFiles/LED.elf.dir/ra/fsp/src/bsp/cmsis/Device/RENESAS/Source/startup.c.obj
 .ARM.attributes
                0x00000098       0x3a CMakeFiles/LED.elf.dir/ra/fsp/src/bsp/cmsis/Device/RENESAS/Source/system.c.obj
 .ARM.attributes
                0x000000d2       0x3a CMakeFiles/LED.elf.dir/ra/fsp/src/bsp/mcu/all/bsp_clocks.c.obj
 .ARM.attributes
                0x0000010c       0x3a CMakeFiles/LED.elf.dir/ra/fsp/src/bsp/mcu/all/bsp_common.c.obj
 .ARM.attributes
                0x00000146       0x3a CMakeFiles/LED.elf.dir/ra/fsp/src/bsp/mcu/all/bsp_delay.c.obj
 .ARM.attributes
                0x00000180       0x3a CMakeFiles/LED.elf.dir/ra/fsp/src/bsp/mcu/all/bsp_group_irq.c.obj
 .ARM.attributes
                0x000001ba       0x3a CMakeFiles/LED.elf.dir/ra/fsp/src/bsp/mcu/all/bsp_io.c.obj
 .ARM.attributes
                0x000001f4       0x3a CMakeFiles/LED.elf.dir/ra/fsp/src/bsp/mcu/all/bsp_irq.c.obj
 .ARM.attributes
                0x0000022e       0x3a CMakeFiles/LED.elf.dir/ra/fsp/src/bsp/mcu/all/bsp_register_protection.c.obj
 .ARM.attributes
                0x00000268       0x3a CMakeFiles/LED.elf.dir/ra/fsp/src/bsp/mcu/ra4m2/bsp_linker.c.obj
 .ARM.attributes
                0x000002a2       0x3a CMakeFiles/LED.elf.dir/ra/fsp/src/r_ioport/r_ioport.c.obj
 .ARM.attributes
                0x000002dc       0x3a CMakeFiles/LED.elf.dir/ra_gen/common_data.c.obj
 .ARM.attributes
                0x00000316       0x3a CMakeFiles/LED.elf.dir/ra_gen/main.c.obj
 .ARM.attributes
                0x00000350       0x3a CMakeFiles/LED.elf.dir/ra_gen/pin_data.c.obj
 .ARM.attributes
                0x0000038a       0x3a CMakeFiles/LED.elf.dir/src/hal_entry.c.obj
 .ARM.attributes
                0x000003c4       0x3a CMakeFiles/LED.elf.dir/src/hal_warmstart.c.obj
 .ARM.attributes
                0x000003fe       0x38 /usr/lib/gcc/arm-none-eabi/14.2.0/../../../../arm-none-eabi/lib/thumb/v8-m.main+fp/hard/libg_nano.a(libc_a-memset.o)
 .ARM.attributes
                0x00000436       0x38 /usr/lib/gcc/arm-none-eabi/14.2.0/../../../../arm-none-eabi/lib/thumb/v8-m.main+fp/hard/libg_nano.a(libc_a-memcpy-stub.o)

.comment        0x00000000       0x1e
 .comment       0x00000000       0x1e CMakeFiles/LED.elf.dir/ra/fsp/src/bsp/cmsis/Device/RENESAS/Source/startup.c.obj
                                 0x1f (size before relaxing)
 .comment       0x0000001e       0x1f CMakeFiles/LED.elf.dir/ra/fsp/src/bsp/cmsis/Device/RENESAS/Source/system.c.obj
 .comment       0x0000001e       0x1f CMakeFiles/LED.elf.dir/ra/fsp/src/bsp/mcu/all/bsp_clocks.c.obj
 .comment       0x0000001e       0x1f CMakeFiles/LED.elf.dir/ra/fsp/src/bsp/mcu/all/bsp_common.c.obj
 .comment       0x0000001e       0x1f CMakeFiles/LED.elf.dir/ra/fsp/src/bsp/mcu/all/bsp_delay.c.obj
 .comment       0x0000001e       0x1f CMakeFiles/LED.elf.dir/ra/fsp/src/bsp/mcu/all/bsp_group_irq.c.obj
 .comment       0x0000001e       0x1f CMakeFiles/LED.elf.dir/ra/fsp/src/bsp/mcu/all/bsp_io.c.obj
 .comment       0x0000001e       0x1f CMakeFiles/LED.elf.dir/ra/fsp/src/bsp/mcu/all/bsp_irq.c.obj
 .comment       0x0000001e       0x1f CMakeFiles/LED.elf.dir/ra/fsp/src/bsp/mcu/all/bsp_register_protection.c.obj
 .comment       0x0000001e       0x1f CMakeFiles/LED.elf.dir/ra/fsp/src/bsp/mcu/ra4m2/bsp_linker.c.obj
 .comment       0x0000001e       0x1f CMakeFiles/LED.elf.dir/ra/fsp/src/r_ioport/r_ioport.c.obj
 .comment       0x0000001e       0x1f CMakeFiles/LED.elf.dir/ra_gen/common_data.c.obj
 .comment       0x0000001e       0x1f CMakeFiles/LED.elf.dir/ra_gen/main.c.obj
 .comment       0x0000001e       0x1f CMakeFiles/LED.elf.dir/ra_gen/pin_data.c.obj
 .comment       0x0000001e       0x1f CMakeFiles/LED.elf.dir/src/hal_entry.c.obj
 .comment       0x0000001e       0x1f CMakeFiles/LED.elf.dir/src/hal_warmstart.c.obj
 .comment       0x0000001e       0x1f /usr/lib/gcc/arm-none-eabi/14.2.0/../../../../arm-none-eabi/lib/thumb/v8-m.main+fp/hard/libg_nano.a(libc_a-memset.o)
 .comment       0x0000001e       0x1f /usr/lib/gcc/arm-none-eabi/14.2.0/../../../../arm-none-eabi/lib/thumb/v8-m.main+fp/hard/libg_nano.a(libc_a-memcpy-stub.o)

.debug_info     0x00000000    0x19877
 .debug_info    0x00000000      0x187 CMakeFiles/LED.elf.dir/ra/fsp/src/bsp/cmsis/Device/RENESAS/Source/startup.c.obj
 .debug_info    0x00000187     0x11ac CMakeFiles/LED.elf.dir/ra/fsp/src/bsp/cmsis/Device/RENESAS/Source/system.c.obj
 .debug_info    0x00001333     0x5570 CMakeFiles/LED.elf.dir/ra/fsp/src/bsp/mcu/all/bsp_clocks.c.obj
 .debug_info    0x000068a3      0x966 CMakeFiles/LED.elf.dir/ra/fsp/src/bsp/mcu/all/bsp_common.c.obj
 .debug_info    0x00007209      0x1e2 CMakeFiles/LED.elf.dir/ra/fsp/src/bsp/mcu/all/bsp_delay.c.obj
 .debug_info    0x000073eb     0x135a CMakeFiles/LED.elf.dir/ra/fsp/src/bsp/mcu/all/bsp_group_irq.c.obj
 .debug_info    0x00008745       0xb2 CMakeFiles/LED.elf.dir/ra/fsp/src/bsp/mcu/all/bsp_io.c.obj
 .debug_info    0x000087f7     0x1e03 CMakeFiles/LED.elf.dir/ra/fsp/src/bsp/mcu/all/bsp_irq.c.obj
 .debug_info    0x0000a5fa     0x3912 CMakeFiles/LED.elf.dir/ra/fsp/src/bsp/mcu/all/bsp_register_protection.c.obj
 .debug_info    0x0000df0c      0x36b CMakeFiles/LED.elf.dir/ra/fsp/src/bsp/mcu/ra4m2/bsp_linker.c.obj
 .debug_info    0x0000e277     0x76fd CMakeFiles/LED.elf.dir/ra/fsp/src/r_ioport/r_ioport.c.obj
 .debug_info    0x00015974     0x1253 CMakeFiles/LED.elf.dir/ra_gen/common_data.c.obj
 .debug_info    0x00016bc7       0xaa CMakeFiles/LED.elf.dir/ra_gen/main.c.obj
 .debug_info    0x00016c71      0xa31 CMakeFiles/LED.elf.dir/ra_gen/pin_data.c.obj
 .debug_info    0x000176a2      0xfe5 CMakeFiles/LED.elf.dir/src/hal_entry.c.obj
 .debug_info    0x00018687      0xfef CMakeFiles/LED.elf.dir/src/hal_warmstart.c.obj
 .debug_info    0x00019676       0xe0 /usr/lib/gcc/arm-none-eabi/14.2.0/../../../../arm-none-eabi/lib/thumb/v8-m.main+fp/hard/libg_nano.a(libc_a-memset.o)
 .debug_info    0x00019756      0x121 /usr/lib/gcc/arm-none-eabi/14.2.0/../../../../arm-none-eabi/lib/thumb/v8-m.main+fp/hard/libg_nano.a(libc_a-memcpy-stub.o)

.debug_abbrev   0x00000000     0x1f08
 .debug_abbrev  0x00000000      0x102 CMakeFiles/LED.elf.dir/ra/fsp/src/bsp/cmsis/Device/RENESAS/Source/startup.c.obj
 .debug_abbrev  0x00000102      0x37b CMakeFiles/LED.elf.dir/ra/fsp/src/bsp/cmsis/Device/RENESAS/Source/system.c.obj
 .debug_abbrev  0x0000047d      0x3ec CMakeFiles/LED.elf.dir/ra/fsp/src/bsp/mcu/all/bsp_clocks.c.obj
 .debug_abbrev  0x00000869      0x188 CMakeFiles/LED.elf.dir/ra/fsp/src/bsp/mcu/all/bsp_common.c.obj
 .debug_abbrev  0x000009f1      0x113 CMakeFiles/LED.elf.dir/ra/fsp/src/bsp/mcu/all/bsp_delay.c.obj
 .debug_abbrev  0x00000b04      0x25c CMakeFiles/LED.elf.dir/ra/fsp/src/bsp/mcu/all/bsp_group_irq.c.obj
 .debug_abbrev  0x00000d60       0x5e CMakeFiles/LED.elf.dir/ra/fsp/src/bsp/mcu/all/bsp_io.c.obj
 .debug_abbrev  0x00000dbe      0x28b CMakeFiles/LED.elf.dir/ra/fsp/src/bsp/mcu/all/bsp_irq.c.obj
 .debug_abbrev  0x00001049      0x283 CMakeFiles/LED.elf.dir/ra/fsp/src/bsp/mcu/all/bsp_register_protection.c.obj
 .debug_abbrev  0x000012cc       0xe3 CMakeFiles/LED.elf.dir/ra/fsp/src/bsp/mcu/ra4m2/bsp_linker.c.obj
 .debug_abbrev  0x000013af      0x4b6 CMakeFiles/LED.elf.dir/ra/fsp/src/r_ioport/r_ioport.c.obj
 .debug_abbrev  0x00001865      0x13a CMakeFiles/LED.elf.dir/ra_gen/common_data.c.obj
 .debug_abbrev  0x0000199f       0x61 CMakeFiles/LED.elf.dir/ra_gen/main.c.obj
 .debug_abbrev  0x00001a00       0xff CMakeFiles/LED.elf.dir/ra_gen/pin_data.c.obj
 .debug_abbrev  0x00001aff      0x152 CMakeFiles/LED.elf.dir/src/hal_entry.c.obj
 .debug_abbrev  0x00001c51      0x158 CMakeFiles/LED.elf.dir/src/hal_warmstart.c.obj
 .debug_abbrev  0x00001da9       0x9e /usr/lib/gcc/arm-none-eabi/14.2.0/../../../../arm-none-eabi/lib/thumb/v8-m.main+fp/hard/libg_nano.a(libc_a-memset.o)
 .debug_abbrev  0x00001e47       0xc1 /usr/lib/gcc/arm-none-eabi/14.2.0/../../../../arm-none-eabi/lib/thumb/v8-m.main+fp/hard/libg_nano.a(libc_a-memcpy-stub.o)

.debug_aranges  0x00000000      0x328
 .debug_aranges
                0x00000000       0x28 CMakeFiles/LED.elf.dir/ra/fsp/src/bsp/cmsis/Device/RENESAS/Source/startup.c.obj
 .debug_aranges
                0x00000028       0x30 CMakeFiles/LED.elf.dir/ra/fsp/src/bsp/cmsis/Device/RENESAS/Source/system.c.obj
 .debug_aranges
                0x00000058       0x70 CMakeFiles/LED.elf.dir/ra/fsp/src/bsp/mcu/all/bsp_clocks.c.obj
 .debug_aranges
                0x000000c8       0x30 CMakeFiles/LED.elf.dir/ra/fsp/src/bsp/mcu/all/bsp_common.c.obj
 .debug_aranges
                0x000000f8       0x28 CMakeFiles/LED.elf.dir/ra/fsp/src/bsp/mcu/all/bsp_delay.c.obj
 .debug_aranges
                0x00000120       0x28 CMakeFiles/LED.elf.dir/ra/fsp/src/bsp/mcu/all/bsp_group_irq.c.obj
 .debug_aranges
                0x00000148       0x18 CMakeFiles/LED.elf.dir/ra/fsp/src/bsp/mcu/all/bsp_io.c.obj
 .debug_aranges
                0x00000160       0x20 CMakeFiles/LED.elf.dir/ra/fsp/src/bsp/mcu/all/bsp_irq.c.obj
 .debug_aranges
                0x00000180       0x28 CMakeFiles/LED.elf.dir/ra/fsp/src/bsp/mcu/all/bsp_register_protection.c.obj
 .debug_aranges
                0x000001a8       0x18 CMakeFiles/LED.elf.dir/ra/fsp/src/bsp/mcu/ra4m2/bsp_linker.c.obj
 .debug_aranges
                0x000001c0       0x90 CMakeFiles/LED.elf.dir/ra/fsp/src/r_ioport/r_ioport.c.obj
 .debug_aranges
                0x00000250       0x20 CMakeFiles/LED.elf.dir/ra_gen/common_data.c.obj
 .debug_aranges
                0x00000270       0x20 CMakeFiles/LED.elf.dir/ra_gen/main.c.obj
 .debug_aranges
                0x00000290       0x18 CMakeFiles/LED.elf.dir/ra_gen/pin_data.c.obj
 .debug_aranges
                0x000002a8       0x20 CMakeFiles/LED.elf.dir/src/hal_entry.c.obj
 .debug_aranges
                0x000002c8       0x20 CMakeFiles/LED.elf.dir/src/hal_warmstart.c.obj
 .debug_aranges
                0x000002e8       0x20 /usr/lib/gcc/arm-none-eabi/14.2.0/../../../../arm-none-eabi/lib/thumb/v8-m.main+fp/hard/libg_nano.a(libc_a-memset.o)
 .debug_aranges
                0x00000308       0x20 /usr/lib/gcc/arm-none-eabi/14.2.0/../../../../arm-none-eabi/lib/thumb/v8-m.main+fp/hard/libg_nano.a(libc_a-memcpy-stub.o)

.debug_rnglists
                0x00000000      0x374
 .debug_rnglists
                0x00000000       0x19 CMakeFiles/LED.elf.dir/ra/fsp/src/bsp/cmsis/Device/RENESAS/Source/startup.c.obj
 .debug_rnglists
                0x00000019       0x3e CMakeFiles/LED.elf.dir/ra/fsp/src/bsp/cmsis/Device/RENESAS/Source/system.c.obj
 .debug_rnglists
                0x00000057       0xf4 CMakeFiles/LED.elf.dir/ra/fsp/src/bsp/mcu/all/bsp_clocks.c.obj
 .debug_rnglists
                0x0000014b       0x1f CMakeFiles/LED.elf.dir/ra/fsp/src/bsp/mcu/all/bsp_common.c.obj
 .debug_rnglists
                0x0000016a       0x2e CMakeFiles/LED.elf.dir/ra/fsp/src/bsp/mcu/all/bsp_delay.c.obj
 .debug_rnglists
                0x00000198       0x37 CMakeFiles/LED.elf.dir/ra/fsp/src/bsp/mcu/all/bsp_group_irq.c.obj
 .debug_rnglists
                0x000001cf       0x31 CMakeFiles/LED.elf.dir/ra/fsp/src/bsp/mcu/all/bsp_irq.c.obj
 .debug_rnglists
                0x00000200       0x31 CMakeFiles/LED.elf.dir/ra/fsp/src/bsp/mcu/all/bsp_register_protection.c.obj
 .debug_rnglists
                0x00000231       0xd1 CMakeFiles/LED.elf.dir/ra/fsp/src/r_ioport/r_ioport.c.obj
 .debug_rnglists
                0x00000302       0x13 CMakeFiles/LED.elf.dir/ra_gen/common_data.c.obj
 .debug_rnglists
                0x00000315       0x13 CMakeFiles/LED.elf.dir/ra_gen/main.c.obj
 .debug_rnglists
                0x00000328       0x13 CMakeFiles/LED.elf.dir/src/hal_entry.c.obj
 .debug_rnglists
                0x0000033b       0x13 CMakeFiles/LED.elf.dir/src/hal_warmstart.c.obj
 .debug_rnglists
                0x0000034e       0x13 /usr/lib/gcc/arm-none-eabi/14.2.0/../../../../arm-none-eabi/lib/thumb/v8-m.main+fp/hard/libg_nano.a(libc_a-memset.o)
 .debug_rnglists
                0x00000361       0x13 /usr/lib/gcc/arm-none-eabi/14.2.0/../../../../arm-none-eabi/lib/thumb/v8-m.main+fp/hard/libg_nano.a(libc_a-memcpy-stub.o)

.debug_line     0x00000000     0x356d
 .debug_line    0x00000000      0x176 CMakeFiles/LED.elf.dir/ra/fsp/src/bsp/cmsis/Device/RENESAS/Source/startup.c.obj
 .debug_line    0x00000176      0x5ca CMakeFiles/LED.elf.dir/ra/fsp/src/bsp/cmsis/Device/RENESAS/Source/system.c.obj
 .debug_line    0x00000740      0x94b CMakeFiles/LED.elf.dir/ra/fsp/src/bsp/mcu/all/bsp_clocks.c.obj
 .debug_line    0x0000108b      0x1c8 CMakeFiles/LED.elf.dir/ra/fsp/src/bsp/mcu/all/bsp_common.c.obj
 .debug_line    0x00001253      0x231 CMakeFiles/LED.elf.dir/ra/fsp/src/bsp/mcu/all/bsp_delay.c.obj
 .debug_line    0x00001484      0x27c CMakeFiles/LED.elf.dir/ra/fsp/src/bsp/mcu/all/bsp_group_irq.c.obj
 .debug_line    0x00001700      0x10a CMakeFiles/LED.elf.dir/ra/fsp/src/bsp/mcu/all/bsp_io.c.obj
 .debug_line    0x0000180a      0x398 CMakeFiles/LED.elf.dir/ra/fsp/src/bsp/mcu/all/bsp_irq.c.obj
 .debug_line    0x00001ba2      0x334 CMakeFiles/LED.elf.dir/ra/fsp/src/bsp/mcu/all/bsp_register_protection.c.obj
 .debug_line    0x00001ed6       0xf4 CMakeFiles/LED.elf.dir/ra/fsp/src/bsp/mcu/ra4m2/bsp_linker.c.obj
 .debug_line    0x00001fca      0xacd CMakeFiles/LED.elf.dir/ra/fsp/src/r_ioport/r_ioport.c.obj
 .debug_line    0x00002a97      0x1f1 CMakeFiles/LED.elf.dir/ra_gen/common_data.c.obj
 .debug_line    0x00002c88       0x76 CMakeFiles/LED.elf.dir/ra_gen/main.c.obj
 .debug_line    0x00002cfe      0x176 CMakeFiles/LED.elf.dir/ra_gen/pin_data.c.obj
 .debug_line    0x00002e74      0x207 CMakeFiles/LED.elf.dir/src/hal_entry.c.obj
 .debug_line    0x0000307b      0x239 CMakeFiles/LED.elf.dir/src/hal_warmstart.c.obj
 .debug_line    0x000032b4      0x123 /usr/lib/gcc/arm-none-eabi/14.2.0/../../../../arm-none-eabi/lib/thumb/v8-m.main+fp/hard/libg_nano.a(libc_a-memset.o)
 .debug_line    0x000033d7      0x196 /usr/lib/gcc/arm-none-eabi/14.2.0/../../../../arm-none-eabi/lib/thumb/v8-m.main+fp/hard/libg_nano.a(libc_a-memcpy-stub.o)

.debug_str      0x00000000     0x956b
 .debug_str     0x00000000     0x956b CMakeFiles/LED.elf.dir/ra/fsp/src/bsp/cmsis/Device/RENESAS/Source/startup.c.obj
                                0x268 (size before relaxing)
 .debug_str     0x0000956b      0xa76 CMakeFiles/LED.elf.dir/ra/fsp/src/bsp/cmsis/Device/RENESAS/Source/system.c.obj
 .debug_str     0x0000956b     0x277a CMakeFiles/LED.elf.dir/ra/fsp/src/bsp/mcu/all/bsp_clocks.c.obj
 .debug_str     0x0000956b     0x1cb2 CMakeFiles/LED.elf.dir/ra/fsp/src/bsp/mcu/all/bsp_common.c.obj
 .debug_str     0x0000956b      0x2f9 CMakeFiles/LED.elf.dir/ra/fsp/src/bsp/mcu/all/bsp_delay.c.obj
 .debug_str     0x0000956b     0x2219 CMakeFiles/LED.elf.dir/ra/fsp/src/bsp/mcu/all/bsp_group_irq.c.obj
 .debug_str     0x0000956b      0x1f9 CMakeFiles/LED.elf.dir/ra/fsp/src/bsp/mcu/all/bsp_io.c.obj
 .debug_str     0x0000956b     0x2161 CMakeFiles/LED.elf.dir/ra/fsp/src/bsp/mcu/all/bsp_irq.c.obj
 .debug_str     0x0000956b     0x1b72 CMakeFiles/LED.elf.dir/ra/fsp/src/bsp/mcu/all/bsp_register_protection.c.obj
 .debug_str     0x0000956b      0x592 CMakeFiles/LED.elf.dir/ra/fsp/src/bsp/mcu/ra4m2/bsp_linker.c.obj
 .debug_str     0x0000956b     0x5d2d CMakeFiles/LED.elf.dir/ra/fsp/src/r_ioport/r_ioport.c.obj
 .debug_str     0x0000956b     0x33bd CMakeFiles/LED.elf.dir/ra_gen/common_data.c.obj
 .debug_str     0x0000956b      0x1ca CMakeFiles/LED.elf.dir/ra_gen/main.c.obj
 .debug_str     0x0000956b     0x1da0 CMakeFiles/LED.elf.dir/ra_gen/pin_data.c.obj
 .debug_str     0x0000956b     0x319d CMakeFiles/LED.elf.dir/src/hal_entry.c.obj
 .debug_str     0x0000956b     0x31f2 CMakeFiles/LED.elf.dir/src/hal_warmstart.c.obj
 .debug_str     0x0000956b      0x1c7 /usr/lib/gcc/arm-none-eabi/14.2.0/../../../../arm-none-eabi/lib/thumb/v8-m.main+fp/hard/libg_nano.a(libc_a-memset.o)
 .debug_str     0x0000956b      0x1e5 /usr/lib/gcc/arm-none-eabi/14.2.0/../../../../arm-none-eabi/lib/thumb/v8-m.main+fp/hard/libg_nano.a(libc_a-memcpy-stub.o)

.debug_frame    0x00000000      0x528
 .debug_frame   0x00000000       0x38 CMakeFiles/LED.elf.dir/ra/fsp/src/bsp/cmsis/Device/RENESAS/Source/startup.c.obj
 .debug_frame   0x00000038       0x64 CMakeFiles/LED.elf.dir/ra/fsp/src/bsp/cmsis/Device/RENESAS/Source/system.c.obj
 .debug_frame   0x0000009c       0xfc CMakeFiles/LED.elf.dir/ra/fsp/src/bsp/mcu/all/bsp_clocks.c.obj
 .debug_frame   0x00000198       0x40 CMakeFiles/LED.elf.dir/ra/fsp/src/bsp/mcu/all/bsp_common.c.obj
 .debug_frame   0x000001d8       0x48 CMakeFiles/LED.elf.dir/ra/fsp/src/bsp/mcu/all/bsp_delay.c.obj
 .debug_frame   0x00000220       0x3c CMakeFiles/LED.elf.dir/ra/fsp/src/bsp/mcu/all/bsp_group_irq.c.obj
 .debug_frame   0x0000025c       0x30 CMakeFiles/LED.elf.dir/ra/fsp/src/bsp/mcu/all/bsp_irq.c.obj
 .debug_frame   0x0000028c       0x48 CMakeFiles/LED.elf.dir/ra/fsp/src/bsp/mcu/all/bsp_register_protection.c.obj
 .debug_frame   0x000002d4      0x17c CMakeFiles/LED.elf.dir/ra/fsp/src/r_ioport/r_ioport.c.obj
 .debug_frame   0x00000450       0x20 CMakeFiles/LED.elf.dir/ra_gen/common_data.c.obj
 .debug_frame   0x00000470       0x28 CMakeFiles/LED.elf.dir/ra_gen/main.c.obj
 .debug_frame   0x00000498       0x28 CMakeFiles/LED.elf.dir/src/hal_entry.c.obj
 .debug_frame   0x000004c0       0x20 CMakeFiles/LED.elf.dir/src/hal_warmstart.c.obj
 .debug_frame   0x000004e0       0x20 /usr/lib/gcc/arm-none-eabi/14.2.0/../../../../arm-none-eabi/lib/thumb/v8-m.main+fp/hard/libg_nano.a(libc_a-memset.o)
 .debug_frame   0x00000500       0x28 /usr/lib/gcc/arm-none-eabi/14.2.0/../../../../arm-none-eabi/lib/thumb/v8-m.main+fp/hard/libg_nano.a(libc_a-memcpy-stub.o)

.debug_loclists
                0x00000000      0xf87
 .debug_loclists
                0x00000000       0xd4 CMakeFiles/LED.elf.dir/ra/fsp/src/bsp/cmsis/Device/RENESAS/Source/system.c.obj
 .debug_loclists
                0x000000d4      0x303 CMakeFiles/LED.elf.dir/ra/fsp/src/bsp/mcu/all/bsp_clocks.c.obj
 .debug_loclists
                0x000003d7       0x20 CMakeFiles/LED.elf.dir/ra/fsp/src/bsp/mcu/all/bsp_common.c.obj
 .debug_loclists
                0x000003f7      0x13b CMakeFiles/LED.elf.dir/ra/fsp/src/bsp/mcu/all/bsp_delay.c.obj
 .debug_loclists
                0x00000532       0x73 CMakeFiles/LED.elf.dir/ra/fsp/src/bsp/mcu/all/bsp_group_irq.c.obj
 .debug_loclists
                0x000005a5       0x76 CMakeFiles/LED.elf.dir/ra/fsp/src/bsp/mcu/all/bsp_irq.c.obj
 .debug_loclists
                0x0000061b       0xa7 CMakeFiles/LED.elf.dir/ra/fsp/src/bsp/mcu/all/bsp_register_protection.c.obj
 .debug_loclists
                0x000006c2      0x7a2 CMakeFiles/LED.elf.dir/ra/fsp/src/r_ioport/r_ioport.c.obj
 .debug_loclists
                0x00000e64       0x29 CMakeFiles/LED.elf.dir/src/hal_warmstart.c.obj
 .debug_loclists
                0x00000e8d       0x4d /usr/lib/gcc/arm-none-eabi/14.2.0/../../../../arm-none-eabi/lib/thumb/v8-m.main+fp/hard/libg_nano.a(libc_a-memset.o)
 .debug_loclists
                0x00000eda       0xad /usr/lib/gcc/arm-none-eabi/14.2.0/../../../../arm-none-eabi/lib/thumb/v8-m.main+fp/hard/libg_nano.a(libc_a-memcpy-stub.o)
