../Core/Src/main.c:140:5:main	8	static
../Core/Src/main.c:253:6:SystemClock_Config	88	static
../Core/Src/main.c:300:13:MX_USART1_UART_Init	8	static
../Core/Src/main.c:333:13:MX_USART2_UART_Init	8	static
../Core/Src/main.c:366:13:MX_USART3_UART_Init	8	static
../Core/Src/main.c:397:13:MX_DMA_Init	16	static
../Core/Src/main.c:415:13:MX_GPIO_Init	48	static
../Core/Src/main.c:445:6:HAL_UART_RxCpltCallback	24	static
../Core/Src/main.c:485:6:USART2_IDLE_Callback	16	static
../Core/Src/main.c:496:6:Beeper_Beep	24	static
../Core/Src/main.c:502:5:__io_putchar	16	static
../Core/Src/main.c:517:6:StartDefaultTask	16	static
../Core/Src/main.c:535:6:StartTask02	16	static
../Core/Src/main.c:553:6:StartTask03	280	static
../Core/Src/main.c:580:6:StartTask04	16	static
../Core/Src/main.c:598:6:StartTask05	32	static
../Core/Src/main.c:628:6:HAL_TIM_PeriodElapsedCallback	16	static
../Core/Src/main.c:646:6:Error_Handler	4	static,ignoring_inline_asm
