Archive member included to satisfy reference by file (symbol)

C:/Program Files/STM32CubeIDE_2.0.0/STM32CubeIDE/plugins/com.st.stm32cube.ide.mcu.externaltools.gnu-tools-for-stm32.13.3.rel1.win32_1.0.100.202509120712/tools/bin/../lib/gcc/arm-none-eabi/13.3.1/../../../../arm-none-eabi/lib/thumb/v7e-m+fp/hard\libc_nano.a(libc_a-exit.o)
                              C:/Program Files/STM32CubeIDE_2.0.0/STM32CubeIDE/plugins/com.st.stm32cube.ide.mcu.externaltools.gnu-tools-for-stm32.13.3.rel1.win32_1.0.100.202509120712/tools/bin/../lib/gcc/arm-none-eabi/13.3.1/../../../../arm-none-eabi/lib/thumb/v7e-m+fp/hard/crt0.o (exit)
C:/Program Files/STM32CubeIDE_2.0.0/STM32CubeIDE/plugins/com.st.stm32cube.ide.mcu.externaltools.gnu-tools-for-stm32.13.3.rel1.win32_1.0.100.202509120712/tools/bin/../lib/gcc/arm-none-eabi/13.3.1/../../../../arm-none-eabi/lib/thumb/v7e-m+fp/hard\libc_nano.a(libc_a-findfp.o)
                              ./Middlewares/Third_Party/FreeRTOS/Source/tasks.o (__sf)
C:/Program Files/STM32CubeIDE_2.0.0/STM32CubeIDE/plugins/com.st.stm32cube.ide.mcu.externaltools.gnu-tools-for-stm32.13.3.rel1.win32_1.0.100.202509120712/tools/bin/../lib/gcc/arm-none-eabi/13.3.1/../../../../arm-none-eabi/lib/thumb/v7e-m+fp/hard\libc_nano.a(libc_a-fwalk.o)
                              C:/Program Files/STM32CubeIDE_2.0.0/STM32CubeIDE/plugins/com.st.stm32cube.ide.mcu.externaltools.gnu-tools-for-stm32.13.3.rel1.win32_1.0.100.202509120712/tools/bin/../lib/gcc/arm-none-eabi/13.3.1/../../../../arm-none-eabi/lib/thumb/v7e-m+fp/hard\libc_nano.a(libc_a-findfp.o) (_fwalk_sglue)
C:/Program Files/STM32CubeIDE_2.0.0/STM32CubeIDE/plugins/com.st.stm32cube.ide.mcu.externaltools.gnu-tools-for-stm32.13.3.rel1.win32_1.0.100.202509120712/tools/bin/../lib/gcc/arm-none-eabi/13.3.1/../../../../arm-none-eabi/lib/thumb/v7e-m+fp/hard\libc_nano.a(libc_a-printf.o)
                              ./Core/Src/k210_protocol.o (printf)
C:/Program Files/STM32CubeIDE_2.0.0/STM32CubeIDE/plugins/com.st.stm32cube.ide.mcu.externaltools.gnu-tools-for-stm32.13.3.rel1.win32_1.0.100.202509120712/tools/bin/../lib/gcc/arm-none-eabi/13.3.1/../../../../arm-none-eabi/lib/thumb/v7e-m+fp/hard\libc_nano.a(libc_a-puts.o)
                              ./Core/Src/esp8266.o (puts)
C:/Program Files/STM32CubeIDE_2.0.0/STM32CubeIDE/plugins/com.st.stm32cube.ide.mcu.externaltools.gnu-tools-for-stm32.13.3.rel1.win32_1.0.100.202509120712/tools/bin/../lib/gcc/arm-none-eabi/13.3.1/../../../../arm-none-eabi/lib/thumb/v7e-m+fp/hard\libc_nano.a(libc_a-snprintf.o)
                              ./Core/Src/esp8266.o (snprintf)
C:/Program Files/STM32CubeIDE_2.0.0/STM32CubeIDE/plugins/com.st.stm32cube.ide.mcu.externaltools.gnu-tools-for-stm32.13.3.rel1.win32_1.0.100.202509120712/tools/bin/../lib/gcc/arm-none-eabi/13.3.1/../../../../arm-none-eabi/lib/thumb/v7e-m+fp/hard\libc_nano.a(libc_a-stdio.o)
                              C:/Program Files/STM32CubeIDE_2.0.0/STM32CubeIDE/plugins/com.st.stm32cube.ide.mcu.externaltools.gnu-tools-for-stm32.13.3.rel1.win32_1.0.100.202509120712/tools/bin/../lib/gcc/arm-none-eabi/13.3.1/../../../../arm-none-eabi/lib/thumb/v7e-m+fp/hard\libc_nano.a(libc_a-findfp.o) (__sread)
C:/Program Files/STM32CubeIDE_2.0.0/STM32CubeIDE/plugins/com.st.stm32cube.ide.mcu.externaltools.gnu-tools-for-stm32.13.3.rel1.win32_1.0.100.202509120712/tools/bin/../lib/gcc/arm-none-eabi/13.3.1/../../../../arm-none-eabi/lib/thumb/v7e-m+fp/hard\libc_nano.a(libc_a-wbuf.o)
                              C:/Program Files/STM32CubeIDE_2.0.0/STM32CubeIDE/plugins/com.st.stm32cube.ide.mcu.externaltools.gnu-tools-for-stm32.13.3.rel1.win32_1.0.100.202509120712/tools/bin/../lib/gcc/arm-none-eabi/13.3.1/../../../../arm-none-eabi/lib/thumb/v7e-m+fp/hard\libc_nano.a(libc_a-puts.o) (__swbuf_r)
C:/Program Files/STM32CubeIDE_2.0.0/STM32CubeIDE/plugins/com.st.stm32cube.ide.mcu.externaltools.gnu-tools-for-stm32.13.3.rel1.win32_1.0.100.202509120712/tools/bin/../lib/gcc/arm-none-eabi/13.3.1/../../../../arm-none-eabi/lib/thumb/v7e-m+fp/hard\libc_nano.a(libc_a-wsetup.o)
                              C:/Program Files/STM32CubeIDE_2.0.0/STM32CubeIDE/plugins/com.st.stm32cube.ide.mcu.externaltools.gnu-tools-for-stm32.13.3.rel1.win32_1.0.100.202509120712/tools/bin/../lib/gcc/arm-none-eabi/13.3.1/../../../../arm-none-eabi/lib/thumb/v7e-m+fp/hard\libc_nano.a(libc_a-puts.o) (__swsetup_r)
C:/Program Files/STM32CubeIDE_2.0.0/STM32CubeIDE/plugins/com.st.stm32cube.ide.mcu.externaltools.gnu-tools-for-stm32.13.3.rel1.win32_1.0.100.202509120712/tools/bin/../lib/gcc/arm-none-eabi/13.3.1/../../../../arm-none-eabi/lib/thumb/v7e-m+fp/hard\libc_nano.a(libc_a-memset.o)
                              C:/Program Files/STM32CubeIDE_2.0.0/STM32CubeIDE/plugins/com.st.stm32cube.ide.mcu.externaltools.gnu-tools-for-stm32.13.3.rel1.win32_1.0.100.202509120712/tools/bin/../lib/gcc/arm-none-eabi/13.3.1/../../../../arm-none-eabi/lib/thumb/v7e-m+fp/hard/crt0.o (memset)
[...]
Memory Configuration

Name             Origin             Length             Attributes
CCMRAM           0x10000000         0x00010000         xrw
RAM              0x20000000         0x00020000         xrw
FLASH            0x08000000         0x00080000         xr
*default*        0x00000000         0xffffffff

Linker script and memory map

LOAD C:/Program Files/STM32CubeIDE_2.0.0/STM32CubeIDE/plugins/com.st.stm32cube.ide.mcu.externaltools.gnu-tools-for-stm32.13.3.rel1.win32_1.0.100.202509120712/tools/bin/../lib/gcc/arm-none-eabi/13.3.1/thumb/v7e-m+fp/hard/crti.o
LOAD C:/Program Files/STM32CubeIDE_2.0.0/STM32CubeIDE/plugins/com.st.stm32cube.ide.mcu.externaltools.gnu-tools-for-stm32.13.3.rel1.win32_1.0.100.202509120712/tools/bin/../lib/gcc/arm-none-eabi/13.3.1/thumb/v7e-m+fp/hard/crtbegin.o
LOAD C:/Program Files/STM32CubeIDE_2.0.0/STM32CubeIDE/plugins/com.st.stm32cube.ide.mcu.externaltools.gnu-tools-for-stm32.13.3.rel1.win32_1.0.100.202509120712/tools/bin/../lib/gcc/arm-none-eabi/13.3.1/../../../../arm-none-eabi/lib/thumb/v7e-m+fp/hard/crt0.o
LOAD ./Core/Src/esp8266.o
LOAD ./Core/Src/freertos.o
LOAD ./Core/Src/k210_protocol.o
LOAD ./Core/Src/main.o
LOAD ./Core/Src/stm32f4xx_hal_msp.o
LOAD ./Core/Src/stm32f4xx_hal_timebase_tim.o
LOAD ./Core/Src/stm32f4xx_it.o
LOAD ./Core/Src/syscalls.o
LOAD ./Core/Src/sysmem.o
LOAD ./Core/Src/system_stm32f4xx.o
LOAD ./Core/Startup/startup_stm32f407vetx.o
LOAD ./Drivers/STM32F4xx_HAL_Driver/Src/stm32f4xx_hal.o
LOAD ./Drivers/STM32F4xx_HAL_Driver/Src/stm32f4xx_hal_cortex.o
LOAD ./Drivers/STM32F4xx_HAL_Driver/Src/stm32f4xx_hal_dma.o
LOAD ./Drivers/STM32F4xx_HAL_Driver/Src/stm32f4xx_hal_dma_ex.o
LOAD ./Drivers/STM32F4xx_HAL_Driver/Src/stm32f4xx_hal_exti.o
LOAD ./Drivers/STM32F4xx_HAL_Driver/Src/stm32f4xx_hal_flash.o
LOAD ./Drivers/STM32F4xx_HAL_Driver/Src/stm32f4xx_hal_flash_ex.o
LOAD ./Drivers/STM32F4xx_HAL_Driver/Src/stm32f4xx_hal_flash_ramfunc.o
LOAD ./Drivers/STM32F4xx_HAL_Driver/Src/stm32f4xx_hal_gpio.o
LOAD ./Drivers/STM32F4xx_HAL_Driver/Src/stm32f4xx_hal_pwr.o
LOAD ./Drivers/STM32F4xx_HAL_Driver/Src/stm32f4xx_hal_pwr_ex.o
LOAD ./Drivers/STM32F4xx_HAL_Driver/Src/stm32f4xx_hal_rcc.o
LOAD ./Drivers/STM32F4xx_HAL_Driver/Src/stm32f4xx_hal_rcc_ex.o
LOAD ./Drivers/STM32F4xx_HAL_Driver/Src/stm32f4xx_hal_tim.o
LOAD ./Drivers/STM32F4xx_HAL_Driver/Src/stm32f4xx_hal_tim_ex.o
LOAD ./Drivers/STM32F4xx_HAL_Driver/Src/stm32f4xx_hal_uart.o
LOAD ./Middlewares/Third_Party/FreeRTOS/Source/CMSIS_RTOS_V2/cmsis_os2.o
LOAD ./Middlewares/Third_Party/FreeRTOS/Source/croutine.o
LOAD ./Middlewares/Third_Party/FreeRTOS/Source/event_groups.o
LOAD ./Middlewares/Third_Party/FreeRTOS/Source/list.o
LOAD ./Middlewares/Third_Party/FreeRTOS/Source/queue.o
LOAD ./Middlewares/Third_Party/FreeRTOS/Source/stream_buffer.o
LOAD ./Middlewares/Third_Party/FreeRTOS/Source/tasks.o
LOAD ./Middlewares/Third_Party/FreeRTOS/Source/timers.o
LOAD ./Middlewares/Third_Party/FreeRTOS/Source/portable/GCC/ARM_CM4F/port.o
LOAD ./Middlewares/Third_Party/FreeRTOS/Source/portable/MemMang/heap_4.o
START GROUP
LOAD C:/Program Files/STM32CubeIDE_2.0.0/STM32CubeIDE/plugins/com.st.stm32cube.ide.mcu.externaltools.gnu-tools-for-stm32.13.3.rel1.win32_1.0.100.202509120712/tools/bin/../lib/gcc/arm-none-eabi/13.3.1/../../../../arm-none-eabi/lib/thumb/v7e-m+fp/hard\libc_nano.a
LOAD C:/Program Files/STM32CubeIDE_2.0.0/STM32CubeIDE/plugins/com.st.stm32cube.ide.mcu.externaltools.gnu-tools-for-stm32.13.3.rel1.win32_1.0.100.202509120712/tools/bin/../lib/gcc/arm-none-eabi/13.3.1/../../../../arm-none-eabi/lib/thumb/v7e-m+fp/hard\libm.a
END GROUP
START GROUP
LOAD C:/Program Files/STM32CubeIDE_2.0.0/STM32CubeIDE/plugins/com.st.stm32cube.ide.mcu.externaltools.gnu-tools-for-stm32.13.3.rel1.win32_1.0.100.202509120712/tools/bin/../lib/gcc/arm-none-eabi/13.3.1/thumb/v7e-m+fp/hard\libgcc.a
LOAD C:/Program Files/STM32CubeIDE_2.0.0/STM32CubeIDE/plugins/com.st.stm32cube.ide.mcu.externaltools.gnu-tools-for-stm32.13.3.rel1.win32_1.0.100.202509120712/tools/bin/../lib/gcc/arm-none-eabi/13.3.1/../../../../arm-none-eabi/lib/thumb/v7e-m+fp/hard\libc_nano.a
END GROUP
START GROUP
LOAD C:/Program Files/STM32CubeIDE_2.0.0/STM32CubeIDE/plugins/com.st.stm32cube.ide.mcu.externaltools.gnu-tools-for-stm32.13.3.rel1.win32_1.0.100.202509120712/tools/bin/../lib/gcc/arm-none-eabi/13.3.1/thumb/v7e-m+fp/hard\libgcc.a
LOAD C:/Program Files/STM32CubeIDE_2.0.0/STM32CubeIDE/plugins/com.st.stm32cube.ide.mcu.externaltools.gnu-tools-for-stm32.13.3.rel1.win32_1.0.100.202509120712/tools/bin/../lib/gcc/arm-none-eabi/13.3.1/../../../../arm-none-eabi/lib/thumb/v7e-m+fp/hard\libc_nano.a
LOAD C:/Program Files/STM32CubeIDE_2.0.0/STM32CubeIDE/plugins/com.st.stm32cube.ide.mcu.externaltools.gnu-tools-for-stm32.13.3.rel1.win32_1.0.100.202509120712/tools/bin/../lib/gcc/arm-none-eabi/13.3.1/../../../../arm-none-eabi/lib/thumb/v7e-m+fp/hard\libnosys.a
END GROUP
START GROUP
LOAD C:/Program Files/STM32CubeIDE_2.0.0/STM32CubeIDE/plugins/com.st.stm32cube.ide.mcu.externaltools.gnu-tools-for-stm32.13.3.rel1.win32_1.0.100.202509120712/tools/bin/../lib/gcc/arm-none-eabi/13.3.1/thumb/v7e-m+fp/hard\libgcc.a
LOAD C:/Program Files/STM32CubeIDE_2.0.0/STM32CubeIDE/plugins/com.st.stm32cube.ide.mcu.externaltools.gnu-tools-for-stm32.13.3.rel1.win32_1.0.100.202509120712/tools/bin/../lib/gcc/arm-none-eabi/13.3.1/../../../../arm-none-eabi/lib/thumb/v7e-m+fp/hard\libc_nano.a
LOAD C:/Program Files/STM32CubeIDE_2.0.0/STM32CubeIDE/plugins/com.st.stm32cube.ide.mcu.externaltools.gnu-tools-for-stm32.13.3.rel1.win32_1.0.100.202509120712/tools/bin/../lib/gcc/arm-none-eabi/13.3.1/../../../../arm-none-eabi/lib/thumb/v7e-m+fp/hard\libnosys.a
END GROUP
LOAD C:/Program Files/STM32CubeIDE_2.0.0/STM32CubeIDE/plugins/com.st.stm32cube.ide.mcu.externaltools.gnu-tools-for-stm32.13.3.rel1.win32_1.0.100.202509120712/tools/bin/../lib/gcc/arm-none-eabi/13.3.1/thumb/v7e-m+fp/hard/crtend.o
LOAD C:/Program Files/STM32CubeIDE_2.0.0/STM32CubeIDE/plugins/com.st.stm32cube.ide.mcu.externaltools.gnu-tools-for-stm32.13.3.rel1.win32_1.0.100.202509120712/tools/bin/../lib/gcc/arm-none-eabi/13.3.1/thumb/v7e-m+fp/hard/crtn.o
                0x20020000                        _estack = (ORIGIN (RAM) + LENGTH (RAM))
                0x00000200                        _Min_Heap_Size = 0x200
                0x00000400                        _Min_Stack_Size = 0x400

.isr_vector     0x08000000      0x188
                0x08000000                        . = ALIGN (0x4)
 *(.isr_vector)
 .isr_vector    0x08000000      0x188 ./Core/Startup/startup_stm32f407vetx.o
                0x08000000                g_pfnVectors
                0x08000188                        . = ALIGN (0x4)

.text           0x08000190     0x8f68
                0x08000190                        . = ALIGN (0x4)
 *(.text)
 .text          0x08000190       0x40 C:/Program Files/STM32CubeIDE_2.0.0/STM32CubeIDE/plugins/com.st.stm32cube.ide.mcu.externaltools.gnu-tools-for-stm32.13.3.rel1.win32_1.0.100.202509120712/tools/bin/../lib/gcc/arm-none-eabi/13.3.1/thumb/v7e-m+fp/hard/crtbegin.o
 .text          0x080001d0       0x10 C:/Program Files/STM32CubeIDE_2.0.0/STM32CubeIDE/plugins/com.st.stm32cube.ide.mcu.externaltools.gnu-tools-for-stm32.13.3.rel1.win32_1.0.100.202509120712/tools/bin/../lib/gcc/arm-none-eabi/13.3.1/../../../../arm-none-eabi/lib/thumb/v7e-m+fp/hard\libc_nano.a(libc_a-strlen.o)
                0x080001d0                strlen
 .text          0x080001e0       0xa0 C:/Program Files/STM32CubeIDE_2.0.0/STM32CubeIDE/plugins/com.st.stm32cube.ide.mcu.externaltools.gnu-tools-for-stm32.13.3.rel1.win32_1.0.100.202509120712/tools/bin/../lib/gcc/arm-none-eabi/13.3.1/../../../../arm-none-eabi/lib/thumb/v7e-m+fp/hard\libc_nano.a(libc_a-memchr.o)
                0x080001e0                memchr
 .text          0x08000280       0x30 C:/Program Files/STM32CubeIDE_2.0.0/STM32CubeIDE/plugins/com.st.stm32cube.ide.mcu.externaltools.gnu-tools-for-stm32.13.3.rel1.win32_1.0.100.202509120712/tools/bin/../lib/gcc/arm-none-eabi/13.3.1/thumb/v7e-m+fp/hard\libgcc.a(_aeabi_uldivmod.o)
                0x08000280                __aeabi_uldivmod
 .text          0x080002b0      0x2f8 C:/Program Files/STM32CubeIDE_2.0.0/STM32CubeIDE/plugins/com.st.stm32cube.ide.mcu.externaltools.gnu-tools-for-stm32.13.3.rel1.win32_1.0.100.202509120712/tools/bin/../lib/gcc/arm-none-eabi/13.3.1/thumb/v7e-m+fp/hard\libgcc.a(_udivmoddi4.o)
                0x080002b0                __udivmoddi4
 .text          0x080005a8        0x4 C:/Program Files/STM32CubeIDE_2.0.0/STM32CubeIDE/plugins/com.st.stm32cube.ide.mcu.externaltools.gnu-tools-for-stm32.13.3.rel1.win32_1.0.100.202509120712/tools/bin/../lib/gcc/arm-none-eabi/13.3.1/thumb/v7e-m+fp/hard\libgcc.a(_dvmd_tls.o)
                0x080005a8                __aeabi_idiv0
                0x080005a8                __aeabi_ldiv0
 *(.text*)
 .text.ESP8266_Init
                0x080005ac       0x44 ./Core/Src/esp8266.o
                0x080005ac                ESP8266_Init
 .text.ESP8266_Process
                0x080005f0      0x274 ./Core/Src/esp8266.o
                0x080005f0                ESP8266_Process
 .text.ESP8266_UpdateLEDs
                0x08000864       0x5c ./Core/Src/esp8266.o
                0x08000864                ESP8266_UpdateLEDs
 .text.ESP8266_SendCommand
                0x080008c0       0x54 ./Core/Src/esp8266.o
                0x080008c0                ESP8266_SendCommand
 .text.ESP8266_WaitResponse
                0x08000914       0xb8 ./Core/Src/esp8266.o
                0x08000914                ESP8266_WaitResponse
 .text.ESP8266_SendData
                0x080009cc       0x44 ./Core/Src/esp8266.o
                0x080009cc                ESP8266_SendData
 .text.K210_ParseByte
                0x08000a10      0x204 ./Core/Src/k210_protocol.o
                0x08000a10                K210_ParseByte
 .text.K210_ProcessFrame
                0x08000c14      0x1dc ./Core/Src/k210_protocol.o
                0x08000c14                K210_ProcessFrame
 .text.main     0x08000df0      0x124 ./Core/Src/main.o
                0x08000df0                main
 .text.SystemClock_Config
                0x08000f14       0xd4 ./Core/Src/main.o
                0x08000f14                SystemClock_Config
 .text.MX_USART1_UART_Init
                0x08000fe8       0x54 ./Core/Src/main.o
 .text.MX_USART2_UART_Init
                0x0800103c       0x54 ./Core/Src/main.o
 .text.MX_USART3_UART_Init
                0x08001090       0x54 ./Core/Src/main.o
 .text.MX_DMA_Init
                0x080010e4       0x40 ./Core/Src/main.o
 .text.MX_GPIO_Init
                0x08001124       0xbc ./Core/Src/main.o
 .text.HAL_UART_RxCpltCallback
                0x080011e0       0xfc ./Core/Src/main.o
                0x080011e0                HAL_UART_RxCpltCallback
 .text.USART2_IDLE_Callback
                0x080012dc       0x68 ./Core/Src/main.o
                0x080012dc                USART2_IDLE_Callback
 .text.Beeper_Beep
                0x08001344       0x34 ./Core/Src/main.o
                0x08001344                Beeper_Beep
 .text.__io_putchar
                0x08001378       0x24 ./Core/Src/main.o
                0x08001378                __io_putchar
 .text.StartDefaultTask
                0x0800139c       0x10 ./Core/Src/main.o
                0x0800139c                StartDefaultTask
 .text.StartTask02
                0x080013ac       0x10 ./Core/Src/main.o
                0x080013ac                StartTask02
 .text.StartTask03
                0x080013bc       0x94 ./Core/Src/main.o
                0x080013bc                StartTask03
 .text.StartTask04
                0x08001450       0x16 ./Core/Src/main.o
                0x08001450                StartTask04
 *fill*         0x08001466        0x2 
 .text.StartTask05
                0x08001468       0x6c ./Core/Src/main.o
                0x08001468                StartTask05
 .text.HAL_TIM_PeriodElapsedCallback
                0x080014d4       0x24 ./Core/Src/main.o
                0x080014d4                HAL_TIM_PeriodElapsedCallback
 .text.Error_Handler
                0x080014f8        0xc ./Core/Src/main.o
                0x080014f8                Error_Handler
 .text.HAL_MspInit
                0x08001504       0x58 ./Core/Src/stm32f4xx_hal_msp.o
                0x08001504                HAL_MspInit
 .text.HAL_UART_MspInit
                0x0800155c      0x1fc ./Core/Src/stm32f4xx_hal_msp.o
                0x0800155c                HAL_UART_MspInit
 .text.HAL_InitTick
                0x08001758       0xe8 ./Core/Src/stm32f4xx_hal_timebase_tim.o
                0x08001758                HAL_InitTick
 .text.NMI_Handler
                0x08001840        0x8 ./Core/Src/stm32f4xx_it.o
                0x08001840                NMI_Handler
 .text.HardFault_Handler
                0x08001848        0x8 ./Core/Src/stm32f4xx_it.o
                0x08001848                HardFault_Handler
 .text.MemManage_Handler
                0x08001850        0x8 ./Core/Src/stm32f4xx_it.o
                0x08001850                MemManage_Handler
 .text.BusFault_Handler
                0x08001858        0x8 ./Core/Src/stm32f4xx_it.o
                0x08001858                BusFault_Handler
 .text.UsageFault_Handler
                0x08001860        0x8 ./Core/Src/stm32f4xx_it.o
                0x08001860                UsageFault_Handler
 .text.DebugMon_Handler
                0x08001868        0xe ./Core/Src/stm32f4xx_it.o
                0x08001868                DebugMon_Handler
 *fill*         0x08001876        0x2 
 .text.DMA1_Stream5_IRQHandler
                0x08001878       0x14 ./Core/Src/stm32f4xx_it.o
                0x08001878                DMA1_Stream5_IRQHandler
 .text.TIM1_UP_TIM10_IRQHandler
                0x0800188c       0x14 ./Core/Src/stm32f4xx_it.o
                0x0800188c                TIM1_UP_TIM10_IRQHandler
 .text.USART1_IRQHandler
                0x080018a0       0x14 ./Core/Src/stm32f4xx_it.o
                0x080018a0                USART1_IRQHandler
 .text.USART2_IRQHandler
                0x080018b4       0x40 ./Core/Src/stm32f4xx_it.o
                0x080018b4                USART2_IRQHandler
 .text.USART3_IRQHandler
                0x080018f4       0x14 ./Core/Src/stm32f4xx_it.o
                0x080018f4                USART3_IRQHandler
 .text._read    0x08001908       0x3a ./Core/Src/syscalls.o
                0x08001908                _read
 .text._write   0x08001942       0x38 ./Core/Src/syscalls.o
                0x08001942                _write
 .text._close   0x0800197a       0x18 ./Core/Src/syscalls.o
                0x0800197a                _close
 .text._fstat   0x08001992       0x20 ./Core/Src/syscalls.o
                0x08001992                _fstat
 .text._isatty  0x080019b2       0x16 ./Core/Src/syscalls.o
                0x080019b2                _isatty
 .text._lseek   0x080019c8       0x1a ./Core/Src/syscalls.o
                0x080019c8                _lseek
 *fill*         0x080019e2        0x2 
 .text._sbrk    0x080019e4       0x6c ./Core/Src/sysmem.o
                0x080019e4                _sbrk
 .text.SystemInit
                0x08001a50       0x24 ./Core/Src/system_stm32f4xx.o
                0x08001a50                SystemInit
 .text.Reset_Handler
                0x08001a74       0x50 ./Core/Startup/startup_stm32f407vetx.o
                0x08001a74                Reset_Handler
 .text.Default_Handler
                0x08001ac4        0x2 ./Core/Startup/startup_stm32f407vetx.o
                0x08001ac4                RTC_Alarm_IRQHandler
                0x08001ac4                HASH_RNG_IRQHandler
                0x08001ac4                EXTI2_IRQHandler
                0x08001ac4                TIM8_CC_IRQHandler
                0x08001ac4                TIM1_CC_IRQHandler
                0x08001ac4                DMA2_Stream5_IRQHandler
                0x08001ac4                PVD_IRQHandler
                0x08001ac4                SDIO_IRQHandler
                0x08001ac4                TAMP_STAMP_IRQHandler
                0x08001ac4                CAN2_RX1_IRQHandler
                0x08001ac4                EXTI3_IRQHandler
                0x08001ac4                TIM8_TRG_COM_TIM14_IRQHandler
                0x08001ac4                TIM8_UP_TIM13_IRQHandler
                0x08001ac4                I2C3_ER_IRQHandler
                0x08001ac4                EXTI0_IRQHandler
                0x08001ac4                I2C2_EV_IRQHandler
                0x08001ac4                DMA1_Stream2_IRQHandler
                0x08001ac4                CAN1_RX0_IRQHandler
                0x08001ac4                FPU_IRQHandler
                0x08001ac4                OTG_HS_WKUP_IRQHandler
                0x08001ac4                CAN2_SCE_IRQHandler
                0x08001ac4                DMA2_Stream2_IRQHandler
                0x08001ac4                SPI1_IRQHandler
                0x08001ac4                TIM6_DAC_IRQHandler
                0x08001ac4                TIM1_BRK_TIM9_IRQHandler
                0x08001ac4                DCMI_IRQHandler
                0x08001ac4                CAN2_RX0_IRQHandler
                0x08001ac4                DMA2_Stream3_IRQHandler
                0x08001ac4                USART6_IRQHandler
                0x08001ac4                CAN1_RX1_IRQHandler
                0x08001ac4                UART5_IRQHandler
                0x08001ac4                DMA2_Stream0_IRQHandler
                0x08001ac4                TIM4_IRQHandler
                0x08001ac4                I2C1_EV_IRQHandler
                0x08001ac4                DMA1_Stream6_IRQHandler
                0x08001ac4                DMA1_Stream1_IRQHandler
                0x08001ac4                UART4_IRQHandler
                0x08001ac4                TIM3_IRQHandler
                0x08001ac4                RCC_IRQHandler
                0x08001ac4                TIM8_BRK_TIM12_IRQHandler
                0x08001ac4                Default_Handler
                0x08001ac4                EXTI15_10_IRQHandler
                0x08001ac4                ADC_IRQHandler
                0x08001ac4                DMA1_Stream7_IRQHandler
                0x08001ac4                TIM7_IRQHandler
                0x08001ac4                CAN2_TX_IRQHandler
                0x08001ac4                TIM5_IRQHandler
                0x08001ac4                DMA2_Stream7_IRQHandler
                0x08001ac4                I2C3_EV_IRQHandler
                0x08001ac4                EXTI9_5_IRQHandler
                0x08001ac4                RTC_WKUP_IRQHandler
                0x08001ac4                ETH_WKUP_IRQHandler
                0x08001ac4                SPI2_IRQHandler
                0x08001ac4                OTG_HS_EP1_IN_IRQHandler
                0x08001ac4                DMA1_Stream0_IRQHandler
                0x08001ac4                CAN1_TX_IRQHandler
                0x08001ac4                EXTI4_IRQHandler
                0x08001ac4                FSMC_IRQHandler
                0x08001ac4                ETH_IRQHandler
                0x08001ac4                OTG_HS_EP1_OUT_IRQHandler
                0x08001ac4                WWDG_IRQHandler
                0x08001ac4                TIM2_IRQHandler
                0x08001ac4                OTG_FS_WKUP_IRQHandler
                0x08001ac4                TIM1_TRG_COM_TIM11_IRQHandler
                0x08001ac4                OTG_HS_IRQHandler
                0x08001ac4                EXTI1_IRQHandler
                0x08001ac4                I2C2_ER_IRQHandler
                0x08001ac4                DMA2_Stream1_IRQHandler
                0x08001ac4                CAN1_SCE_IRQHandler
                0x08001ac4                FLASH_IRQHandler
                0x08001ac4                DMA2_Stream4_IRQHandler
                0x08001ac4                OTG_FS_IRQHandler
                0x08001ac4                SPI3_IRQHandler
                0x08001ac4                DMA1_Stream4_IRQHandler
                0x08001ac4                I2C1_ER_IRQHandler
                0x08001ac4                DMA2_Stream6_IRQHandler
                0x08001ac4                DMA1_Stream3_IRQHandler
 *fill*         0x08001ac6        0x2 
 .text.HAL_Init
                0x08001ac8       0x44 ./Drivers/STM32F4xx_HAL_Driver/Src/stm32f4xx_hal.o
                0x08001ac8                HAL_Init
 .text.HAL_IncTick
                0x08001b0c       0x28 ./Drivers/STM32F4xx_HAL_Driver/Src/stm32f4xx_hal.o
                0x08001b0c                HAL_IncTick
 .text.HAL_GetTick
                0x08001b34       0x18 ./Drivers/STM32F4xx_HAL_Driver/Src/stm32f4xx_hal.o
                0x08001b34                HAL_GetTick
 .text.__NVIC_SetPriorityGrouping
                0x08001b4c       0x48 ./Drivers/STM32F4xx_HAL_Driver/Src/stm32f4xx_hal_cortex.o
 .text.__NVIC_GetPriorityGrouping
                0x08001b94       0x1c ./Drivers/STM32F4xx_HAL_Driver/Src/stm32f4xx_hal_cortex.o
 .text.__NVIC_EnableIRQ
                0x08001bb0       0x3c ./Drivers/STM32F4xx_HAL_Driver/Src/stm32f4xx_hal_cortex.o
 .text.__NVIC_SetPriority
                0x08001bec       0x54 ./Drivers/STM32F4xx_HAL_Driver/Src/stm32f4xx_hal_cortex.o
 .text.NVIC_EncodePriority
                0x08001c40       0x66 ./Drivers/STM32F4xx_HAL_Driver/Src/stm32f4xx_hal_cortex.o
 .text.HAL_NVIC_SetPriorityGrouping
                0x08001ca6       0x16 ./Drivers/STM32F4xx_HAL_Driver/Src/stm32f4xx_hal_cortex.o
                0x08001ca6                HAL_NVIC_SetPriorityGrouping
 .text.HAL_NVIC_SetPriority
                0x08001cbc       0x38 ./Drivers/STM32F4xx_HAL_Driver/Src/stm32f4xx_hal_cortex.o
                0x08001cbc                HAL_NVIC_SetPriority
 .text.HAL_NVIC_EnableIRQ
                0x08001cf4       0x1c ./Drivers/STM32F4xx_HAL_Driver/Src/stm32f4xx_hal_cortex.o
                0x08001cf4                HAL_NVIC_EnableIRQ
 .text.HAL_DMA_Init
                0x08001d10      0x15c ./Drivers/STM32F4xx_HAL_Driver/Src/stm32f4xx_hal_dma.o
                0x08001d10                HAL_DMA_Init
 .text.HAL_DMA_Start_IT
                0x08001e6c       0xb0 ./Drivers/STM32F4xx_HAL_Driver/Src/stm32f4xx_hal_dma.o
                0x08001e6c                HAL_DMA_Start_IT
 .text.HAL_DMA_Abort
                0x08001f1c       0xe0 ./Drivers/STM32F4xx_HAL_Driver/Src/stm32f4xx_hal_dma.o
                0x08001f1c                HAL_DMA_Abort
 .text.HAL_DMA_Abort_IT
                0x08001ffc       0x44 ./Drivers/STM32F4xx_HAL_Driver/Src/stm32f4xx_hal_dma.o
                0x08001ffc                HAL_DMA_Abort_IT
 .text.HAL_DMA_IRQHandler
                0x08002040      0x314 ./Drivers/STM32F4xx_HAL_Driver/Src/stm32f4xx_hal_dma.o
                0x08002040                HAL_DMA_IRQHandler
 .text.DMA_SetConfig
                0x08002354       0x5c ./Drivers/STM32F4xx_HAL_Driver/Src/stm32f4xx_hal_dma.o
 .text.DMA_CalcBaseAndBitshift
                0x080023b0       0x6c ./Drivers/STM32F4xx_HAL_Driver/Src/stm32f4xx_hal_dma.o
 .text.DMA_CheckFifoParam
                0x0800241c       0xf8 ./Drivers/STM32F4xx_HAL_Driver/Src/stm32f4xx_hal_dma.o
 .text.HAL_GPIO_Init
                0x08002514      0x338 ./Drivers/STM32F4xx_HAL_Driver/Src/stm32f4xx_hal_gpio.o
                0x08002514                HAL_GPIO_Init
 .text.HAL_GPIO_WritePin
                0x0800284c       0x32 ./Drivers/STM32F4xx_HAL_Driver/Src/stm32f4xx_hal_gpio.o
                0x0800284c                HAL_GPIO_WritePin
 *fill*         0x0800287e        0x2 
 .text.HAL_RCC_OscConfig
                0x08002880      0x4f0 ./Drivers/STM32F4xx_HAL_Driver/Src/stm32f4xx_hal_rcc.o
                0x08002880                HAL_RCC_OscConfig
 .text.HAL_RCC_ClockConfig
                0x08002d70      0x1cc ./Drivers/STM32F4xx_HAL_Driver/Src/stm32f4xx_hal_rcc.o
                0x08002d70                HAL_RCC_ClockConfig
 .text.HAL_RCC_GetSysClockFreq
                0x08002f3c      0x20c ./Drivers/STM32F4xx_HAL_Driver/Src/stm32f4xx_hal_rcc.o
                0x08002f3c                HAL_RCC_GetSysClockFreq
 .text.HAL_RCC_GetHCLKFreq
                0x08003148       0x18 ./Drivers/STM32F4xx_HAL_Driver/Src/stm32f4xx_hal_rcc.o
                0x08003148                HAL_RCC_GetHCLKFreq
 .text.HAL_RCC_GetPCLK1Freq
                0x08003160       0x28 ./Drivers/STM32F4xx_HAL_Driver/Src/stm32f4xx_hal_rcc.o
                0x08003160                HAL_RCC_GetPCLK1Freq
 .text.HAL_RCC_GetPCLK2Freq
                0x08003188       0x28 ./Drivers/STM32F4xx_HAL_Driver/Src/stm32f4xx_hal_rcc.o
                0x08003188                HAL_RCC_GetPCLK2Freq
 .text.HAL_RCC_GetClockConfig
                0x080031b0       0x64 ./Drivers/STM32F4xx_HAL_Driver/Src/stm32f4xx_hal_rcc.o
                0x080031b0                HAL_RCC_GetClockConfig
 .text.HAL_TIM_Base_Init
                0x08003214       0x9e ./Drivers/STM32F4xx_HAL_Driver/Src/stm32f4xx_hal_tim.o
                0x08003214                HAL_TIM_Base_Init
 .text.HAL_TIM_Base_MspInit
                0x080032b2       0x14 ./Drivers/STM32F4xx_HAL_Driver/Src/stm32f4xx_hal_tim.o
                0x080032b2                HAL_TIM_Base_MspInit
 *fill*         0x080032c6        0x2 
 .text.HAL_TIM_Base_Start_IT
                0x080032c8       0xe0 ./Drivers/STM32F4xx_HAL_Driver/Src/stm32f4xx_hal_tim.o
                0x080032c8                HAL_TIM_Base_Start_IT
 .text.HAL_TIM_IRQHandler
                0x080033a8      0x1e0 ./Drivers/STM32F4xx_HAL_Driver/Src/stm32f4xx_hal_tim.o
                0x080033a8                HAL_TIM_IRQHandler
 .text.HAL_TIM_OC_DelayElapsedCallback
                0x08003588       0x14 ./Drivers/STM32F4xx_HAL_Driver/Src/stm32f4xx_hal_tim.o
                0x08003588                HAL_TIM_OC_DelayElapsedCallback
 .text.HAL_TIM_IC_CaptureCallback
                0x0800359c       0x14 ./Drivers/STM32F4xx_HAL_Driver/Src/stm32f4xx_hal_tim.o
                0x0800359c                HAL_TIM_IC_CaptureCallback
 .text.HAL_TIM_PWM_PulseFinishedCallback
                0x080035b0       0x14 ./Drivers/STM32F4xx_HAL_Driver/Src/stm32f4xx_hal_tim.o
                0x080035b0                HAL_TIM_PWM_PulseFinishedCallback
 .text.HAL_TIM_TriggerCallback
                0x080035c4       0x14 ./Drivers/STM32F4xx_HAL_Driver/Src/stm32f4xx_hal_tim.o
                0x080035c4                HAL_TIM_TriggerCallback
 .text.TIM_Base_SetConfig
                0x080035d8      0x14c ./Drivers/STM32F4xx_HAL_Driver/Src/stm32f4xx_hal_tim.o
                0x080035d8                TIM_Base_SetConfig
 .text.HAL_TIMEx_CommutCallback
                0x08003724       0x14 ./Drivers/STM32F4xx_HAL_Driver/Src/stm32f4xx_hal_tim_ex.o
                0x08003724                HAL_TIMEx_CommutCallback
 .text.HAL_TIMEx_BreakCallback
                0x08003738       0x14 ./Drivers/STM32F4xx_HAL_Driver/Src/stm32f4xx_hal_tim_ex.o
                0x08003738                HAL_TIMEx_BreakCallback
 .text.HAL_UART_Init
                0x0800374c       0xa0 ./Drivers/STM32F4xx_HAL_Driver/Src/stm32f4xx_hal_uart.o
                0x0800374c                HAL_UART_Init
 .text.HAL_UART_Transmit
                0x080037ec      0x116 ./Drivers/STM32F4xx_HAL_Driver/Src/stm32f4xx_hal_uart.o
                0x080037ec                HAL_UART_Transmit
 .text.HAL_UART_Receive
                0x08003902      0x12e ./Drivers/STM32F4xx_HAL_Driver/Src/stm32f4xx_hal_uart.o
                0x08003902                HAL_UART_Receive
 .text.HAL_UART_Receive_IT
                0x08003a30       0x4a ./Drivers/STM32F4xx_HAL_Driver/Src/stm32f4xx_hal_uart.o
                0x08003a30                HAL_UART_Receive_IT
 .text.HAL_UART_Receive_DMA
                0x08003a7a       0x4a ./Drivers/STM32F4xx_HAL_Driver/Src/stm32f4xx_hal_uart.o
                0x08003a7a                HAL_UART_Receive_DMA
 .text.HAL_UART_IRQHandler
                0x08003ac4      0x554 ./Drivers/STM32F4xx_HAL_Driver/Src/stm32f4xx_hal_uart.o
                0x08003ac4                HAL_UART_IRQHandler
 .text.HAL_UART_TxCpltCallback
                0x08004018       0x14 ./Drivers/STM32F4xx_HAL_Driver/Src/stm32f4xx_hal_uart.o
                0x08004018                HAL_UART_TxCpltCallback
 .text.HAL_UART_RxHalfCpltCallback
                0x0800402c       0x14 ./Drivers/STM32F4xx_HAL_Driver/Src/stm32f4xx_hal_uart.o
                0x0800402c                HAL_UART_RxHalfCpltCallback
 .text.HAL_UART_ErrorCallback
                0x08004040       0x14 ./Drivers/STM32F4xx_HAL_Driver/Src/stm32f4xx_hal_uart.o
                0x08004040                HAL_UART_ErrorCallback
 .text.HAL_UARTEx_RxEventCallback
                0x08004054       0x18 ./Drivers/STM32F4xx_HAL_Driver/Src/stm32f4xx_hal_uart.o
                0x08004054                HAL_UARTEx_RxEventCallback
 .text.UART_DMAReceiveCplt
                0x0800406c      0x12c ./Drivers/STM32F4xx_HAL_Driver/Src/stm32f4xx_hal_uart.o
 .text.UART_DMARxHalfCplt
                0x08004198       0x3c ./Drivers/STM32F4xx_HAL_Driver/Src/stm32f4xx_hal_uart.o
 .text.UART_DMAError
                0x080041d4       0x94 ./Drivers/STM32F4xx_HAL_Driver/Src/stm32f4xx_hal_uart.o
 .text.UART_WaitOnFlagUntilTimeout
                0x08004268       0xb2 ./Drivers/STM32F4xx_HAL_Driver/Src/stm32f4xx_hal_uart.o
 .text.UART_Start_Receive_IT
                0x0800431a       0x74 ./Drivers/STM32F4xx_HAL_Driver/Src/stm32f4xx_hal_uart.o
                0x0800431a                UART_Start_Receive_IT
 *fill*         0x0800438e        0x2 
 .text.UART_Start_Receive_DMA
                0x08004390      0x14c ./Drivers/STM32F4xx_HAL_Driver/Src/stm32f4xx_hal_uart.o
                0x08004390                UART_Start_Receive_DMA
 .text.UART_EndTxTransfer
                0x080044dc       0x50 ./Drivers/STM32F4xx_HAL_Driver/Src/stm32f4xx_hal_uart.o
 .text.UART_EndRxTransfer
                0x0800452c       0xc6 ./Drivers/STM32F4xx_HAL_Driver/Src/stm32f4xx_hal_uart.o
 .text.UART_DMAAbortOnError
                0x080045f2       0x22 ./Drivers/STM32F4xx_HAL_Driver/Src/stm32f4xx_hal_uart.o
 .text.UART_Transmit_IT
                0x08004614       0xa0 ./Drivers/STM32F4xx_HAL_Driver/Src/stm32f4xx_hal_uart.o
 .text.UART_EndTransmit_IT
                0x080046b4       0x30 ./Drivers/STM32F4xx_HAL_Driver/Src/stm32f4xx_hal_uart.o
 .text.UART_Receive_IT
                0x080046e4      0x17c ./Drivers/STM32F4xx_HAL_Driver/Src/stm32f4xx_hal_uart.o
 .text.UART_SetConfig
                0x08004860      0x4e8 ./Drivers/STM32F4xx_HAL_Driver/Src/stm32f4xx_hal_uart.o
 .text.__NVIC_SetPriority
                0x08004d48       0x54 ./Middlewares/Third_Party/FreeRTOS/Source/CMSIS_RTOS_V2/cmsis_os2.o
 .text.SysTick_Handler
                0x08004d9c       0x20 ./Middlewares/Third_Party/FreeRTOS/Source/CMSIS_RTOS_V2/cmsis_os2.o
                0x08004d9c                SysTick_Handler
 .text.SVC_Setup
                0x08004dbc       0x12 ./Middlewares/Third_Party/FreeRTOS/Source/CMSIS_RTOS_V2/cmsis_os2.o
 *fill*         0x08004dce        0x2 
 .text.osKernelInitialize
                0x08004dd0       0x48 ./Middlewares/Third_Party/FreeRTOS/Source/CMSIS_RTOS_V2/cmsis_os2.o
                0x08004dd0                osKernelInitialize
 .text.osKernelStart
                0x08004e18       0x4c ./Middlewares/Third_Party/FreeRTOS/Source/CMSIS_RTOS_V2/cmsis_os2.o
                0x08004e18                osKernelStart
 .text.osThreadNew
                0x08004e64      0x124 ./Middlewares/Third_Party/FreeRTOS/Source/CMSIS_RTOS_V2/cmsis_os2.o
                0x08004e64                osThreadNew
 .text.osDelay  0x08004f88       0x36 ./Middlewares/Third_Party/FreeRTOS/Source/CMSIS_RTOS_V2/cmsis_os2.o
                0x08004f88                osDelay
 .text.osMessageQueueNew
                0x08004fbe       0xe6 ./Middlewares/Third_Party/FreeRTOS/Source/CMSIS_RTOS_V2/cmsis_os2.o
                0x08004fbe                osMessageQueueNew
 .text.osMessageQueuePut
                0x080050a4       0xc0 ./Middlewares/Third_Party/FreeRTOS/Source/CMSIS_RTOS_V2/cmsis_os2.o
                0x080050a4                osMessageQueuePut
 .text.osMessageQueueGet
                0x08005164       0xbc ./Middlewares/Third_Party/FreeRTOS/Source/CMSIS_RTOS_V2/cmsis_os2.o
                0x08005164                osMessageQueueGet
 .text.vApplicationGetIdleTaskMemory
                0x08005220       0x34 ./Middlewares/Third_Party/FreeRTOS/Source/CMSIS_RTOS_V2/cmsis_os2.o
                0x08005220                vApplicationGetIdleTaskMemory
 .text.vApplicationGetTimerTaskMemory
                0x08005254       0x34 ./Middlewares/Third_Party/FreeRTOS/Source/CMSIS_RTOS_V2/cmsis_os2.o
                0x08005254                vApplicationGetTimerTaskMemory
 .text.vListInitialise
                0x08005288       0x40 ./Middlewares/Third_Party/FreeRTOS/Source/list.o
                0x08005288                vListInitialise
 .text.vListInitialiseItem
                0x080052c8       0x1a ./Middlewares/Third_Party/FreeRTOS/Source/list.o
                0x080052c8                vListInitialiseItem
 .text.vListInsertEnd
                0x080052e2       0x48 ./Middlewares/Third_Party/FreeRTOS/Source/list.o
                0x080052e2                vListInsertEnd
 .text.vListInsert
                0x0800532a       0x72 ./Middlewares/Third_Party/FreeRTOS/Source/list.o
                0x0800532a                vListInsert
 .text.uxListRemove
                0x0800539c       0x54 ./Middlewares/Third_Party/FreeRTOS/Source/list.o
                0x0800539c                uxListRemove
 .text.xQueueGenericReset
                0x080053f0       0xd4 ./Middlewares/Third_Party/FreeRTOS/Source/queue.o
                0x080053f0                xQueueGenericReset
 .text.xQueueGenericCreateStatic
                0x080054c4       0xfa ./Middlewares/Third_Party/FreeRTOS/Source/queue.o
                0x080054c4                xQueueGenericCreateStatic
 .text.xQueueGenericCreate
                0x080055be       0x76 ./Middlewares/Third_Party/FreeRTOS/Source/queue.o
                0x080055be                xQueueGenericCreate
 .text.prvInitialiseNewQueue
                0x08005634       0x46 ./Middlewares/Third_Party/FreeRTOS/Source/queue.o
 *fill*         0x0800567a        0x2 
 .text.xQueueGenericSend
                0x0800567c      0x204 ./Middlewares/Third_Party/FreeRTOS/Source/queue.o
                0x0800567c                xQueueGenericSend
 .text.xQueueGenericSendFromISR
                0x08005880      0x13c ./Middlewares/Third_Party/FreeRTOS/Source/queue.o
                0x08005880                xQueueGenericSendFromISR
 .text.xQueueReceive
                0x080059bc      0x1c4 ./Middlewares/Third_Party/FreeRTOS/Source/queue.o
                0x080059bc                xQueueReceive
 .text.xQueueReceiveFromISR
                0x08005b80      0x104 ./Middlewares/Third_Party/FreeRTOS/Source/queue.o
                0x08005b80                xQueueReceiveFromISR
 .text.prvCopyDataToQueue
                0x08005c84       0xd4 ./Middlewares/Third_Party/FreeRTOS/Source/queue.o
 .text.prvCopyDataFromQueue
                0x08005d58       0x4c ./Middlewares/Third_Party/FreeRTOS/Source/queue.o
 .text.prvUnlockQueue
                0x08005da4       0xa4 ./Middlewares/Third_Party/FreeRTOS/Source/queue.o
 .text.prvIsQueueEmpty
                0x08005e48       0x2c ./Middlewares/Third_Party/FreeRTOS/Source/queue.o
 .text.prvIsQueueFull
                0x08005e74       0x30 ./Middlewares/Third_Party/FreeRTOS/Source/queue.o
 .text.vQueueAddToRegistry
                0x08005ea4       0x54 ./Middlewares/Third_Party/FreeRTOS/Source/queue.o
                0x08005ea4                vQueueAddToRegistry
 .text.vQueueWaitForMessageRestricted
                0x08005ef8       0x68 ./Middlewares/Third_Party/FreeRTOS/Source/queue.o
                0x08005ef8                vQueueWaitForMessageRestricted
 .text.xTaskCreateStatic
                0x08005f60       0xc0 ./Middlewares/Third_Party/FreeRTOS/Source/tasks.o
                0x08005f60                xTaskCreateStatic
 .text.xTaskCreate
                0x08006020       0x8a ./Middlewares/Third_Party/FreeRTOS/Source/tasks.o
                0x08006020                xTaskCreate
 *fill*         0x080060aa        0x2 
 .text.prvInitialiseNewTask
                0x080060ac      0x150 ./Middlewares/Third_Party/FreeRTOS/Source/tasks.o
 .text.prvAddNewTaskToReadyList
                0x080061fc       0xe0 ./Middlewares/Third_Party/FreeRTOS/Source/tasks.o
 .text.vTaskDelay
                0x080062dc       0x6c ./Middlewares/Third_Party/FreeRTOS/Source/tasks.o
                0x080062dc                vTaskDelay
 .text.vTaskStartScheduler
                0x08006348       0xe0 ./Middlewares/Third_Party/FreeRTOS/Source/tasks.o
                0x08006348                vTaskStartScheduler
 .text.vTaskSuspendAll
                0x08006428       0x1c ./Middlewares/Third_Party/FreeRTOS/Source/tasks.o
                0x08006428                vTaskSuspendAll
 .text.xTaskResumeAll
                0x08006444      0x13c ./Middlewares/Third_Party/FreeRTOS/Source/tasks.o
                0x08006444                xTaskResumeAll
 .text.xTaskGetTickCount
                0x08006580       0x20 ./Middlewares/Third_Party/FreeRTOS/Source/tasks.o
                0x08006580                xTaskGetTickCount
 .text.xTaskIncrementTick
                0x080065a0      0x174 ./Middlewares/Third_Party/FreeRTOS/Source/tasks.o
                0x080065a0                xTaskIncrementTick
 .text.vTaskSwitchContext
                0x08006714       0xcc ./Middlewares/Third_Party/FreeRTOS/Source/tasks.o
                0x08006714                vTaskSwitchContext
 .text.vTaskPlaceOnEventList
                0x080067e0       0x4c ./Middlewares/Third_Party/FreeRTOS/Source/tasks.o
                0x080067e0                vTaskPlaceOnEventList
 .text.vTaskPlaceOnEventListRestricted
                0x0800682c       0x58 ./Middlewares/Third_Party/FreeRTOS/Source/tasks.o
                0x0800682c                vTaskPlaceOnEventListRestricted
 .text.xTaskRemoveFromEventList
                0x08006884       0xc8 ./Middlewares/Third_Party/FreeRTOS/Source/tasks.o
                0x08006884                xTaskRemoveFromEventList
 .text.vTaskInternalSetTimeOutState
                0x0800694c       0x2c ./Middlewares/Third_Party/FreeRTOS/Source/tasks.o
                0x0800694c                vTaskInternalSetTimeOutState
 .text.xTaskCheckForTimeOut
                0x08006978       0xc8 ./Middlewares/Third_Party/FreeRTOS/Source/tasks.o
                0x08006978                xTaskCheckForTimeOut
 .text.vTaskMissedYield
                0x08006a40       0x18 ./Middlewares/Third_Party/FreeRTOS/Source/tasks.o
                0x08006a40                vTaskMissedYield
 .text.prvIdleTask
                0x08006a58       0x30 ./Middlewares/Third_Party/FreeRTOS/Source/tasks.o
 .text.prvInitialiseTaskLists
                0x08006a88       0x80 ./Middlewares/Third_Party/FreeRTOS/Source/tasks.o
 .text.prvCheckTasksWaitingTermination
                0x08006b08       0x5c ./Middlewares/Third_Party/FreeRTOS/Source/tasks.o
 .text.prvDeleteTCB
                0x08006b64       0x6a ./Middlewares/Third_Party/FreeRTOS/Source/tasks.o
 *fill*         0x08006bce        0x2 
 .text.prvResetNextTaskUnblockTime
                0x08006bd0       0x40 ./Middlewares/Third_Party/FreeRTOS/Source/tasks.o
 .text.xTaskGetSchedulerState
                0x08006c10       0x3c ./Middlewares/Third_Party/FreeRTOS/Source/tasks.o
                0x08006c10                xTaskGetSchedulerState
 .text.xTaskPriorityDisinherit
                0x08006c4c       0xe0 ./Middlewares/Third_Party/FreeRTOS/Source/tasks.o
                0x08006c4c                xTaskPriorityDisinherit
 .text.prvAddCurrentTaskToDelayedList
                0x08006d2c       0xa8 ./Middlewares/Third_Party/FreeRTOS/Source/tasks.o
 .text.xTimerCreateTimerTask
                0x08006dd4       0x94 ./Middlewares/Third_Party/FreeRTOS/Source/timers.o
                0x08006dd4                xTimerCreateTimerTask
 .text.xTimerGenericCommand
                0x08006e68       0x9c ./Middlewares/Third_Party/FreeRTOS/Source/timers.o
                0x08006e68                xTimerGenericCommand
 .text.prvProcessExpiredTimer
                0x08006f04       0x9c ./Middlewares/Third_Party/FreeRTOS/Source/timers.o
 .text.prvTimerTask
                0x08006fa0       0x26 ./Middlewares/Third_Party/FreeRTOS/Source/timers.o
 *fill*         0x08006fc6        0x2 
 .text.prvProcessTimerOrBlockTask
                0x08006fc8       0x9c ./Middlewares/Third_Party/FreeRTOS/Source/timers.o
 .text.prvGetNextExpireTime
                0x08007064       0x48 ./Middlewares/Third_Party/FreeRTOS/Source/timers.o
 .text.prvSampleTimeNow
                0x080070ac       0x40 ./Middlewares/Third_Party/FreeRTOS/Source/timers.o
 .text.prvInsertTimerInActiveList
                0x080070ec       0x84 ./Middlewares/Third_Party/FreeRTOS/Source/timers.o
 .text.prvProcessReceivedCommands
                0x08007170      0x1cc ./Middlewares/Third_Party/FreeRTOS/Source/timers.o
 .text.prvSwitchTimerLists
                0x0800733c       0xcc ./Middlewares/Third_Party/FreeRTOS/Source/timers.o
 .text.prvCheckForValidListAndQueue
                0x08007408       0x80 ./Middlewares/Third_Party/FreeRTOS/Source/timers.o
 .text.pxPortInitialiseStack
                0x08007488       0x68 ./Middlewares/Third_Party/FreeRTOS/Source/portable/GCC/ARM_CM4F/port.o
                0x08007488                pxPortInitialiseStack
 .text.prvTaskExitError
                0x080074f0       0x5c ./Middlewares/Third_Party/FreeRTOS/Source/portable/GCC/ARM_CM4F/port.o
 *fill*         0x0800754c        0x4 
 .text.SVC_Handler
                0x08007550       0x28 ./Middlewares/Third_Party/FreeRTOS/Source/portable/GCC/ARM_CM4F/port.o
                0x08007550                SVC_Handler
 .text.prvPortStartFirstTask
                0x08007578       0x28 ./Middlewares/Third_Party/FreeRTOS/Source/portable/GCC/ARM_CM4F/port.o
 .text.xPortStartScheduler
                0x080075a0      0x148 ./Middlewares/Third_Party/FreeRTOS/Source/portable/GCC/ARM_CM4F/port.o
                0x080075a0                xPortStartScheduler
 .text.vPortEnterCritical
                0x080076e8       0x64 ./Middlewares/Third_Party/FreeRTOS/Source/portable/GCC/ARM_CM4F/port.o
                0x080076e8                vPortEnterCritical
 .text.vPortExitCritical
                0x0800774c       0x54 ./Middlewares/Third_Party/FreeRTOS/Source/portable/GCC/ARM_CM4F/port.o
                0x0800774c                vPortExitCritical
 .text.PendSV_Handler
                0x080077a0       0x68 ./Middlewares/Third_Party/FreeRTOS/Source/portable/GCC/ARM_CM4F/port.o
                0x080077a0                PendSV_Handler
 .text.xPortSysTickHandler
                0x08007808       0x44 ./Middlewares/Third_Party/FreeRTOS/Source/portable/GCC/ARM_CM4F/port.o
                0x08007808                xPortSysTickHandler
 .text.vPortSetupTimerInterrupt
                0x0800784c       0x48 ./Middlewares/Third_Party/FreeRTOS/Source/portable/GCC/ARM_CM4F/port.o
                0x0800784c                vPortSetupTimerInterrupt
 .text.vPortEnableVFP
                0x08007894       0x14 ./Middlewares/Third_Party/FreeRTOS/Source/portable/GCC/ARM_CM4F/port.o
 .text.vPortValidateInterruptPriority
                0x080078a8       0x84 ./Middlewares/Third_Party/FreeRTOS/Source/portable/GCC/ARM_CM4F/port.o
                0x080078a8                vPortValidateInterruptPriority
 .text.pvPortMalloc
                0x0800792c      0x19c ./Middlewares/Third_Party/FreeRTOS/Source/portable/MemMang/heap_4.o
                0x0800792c                pvPortMalloc
 .text.vPortFree
                0x08007ac8       0xc8 ./Middlewares/Third_Party/FreeRTOS/Source/portable/MemMang/heap_4.o
                0x08007ac8                vPortFree
 .text.prvHeapInit
                0x08007b90       0xc4 ./Middlewares/Third_Party/FreeRTOS/Source/portable/MemMang/heap_4.o
 .text.prvInsertBlockIntoFreeList
                0x08007c54       0xb4 ./Middlewares/Third_Party/FreeRTOS/Source/portable/MemMang/heap_4.o
 .text.std      0x08007d08       0x6c C:/Program Files/STM32CubeIDE_2.0.0/STM32CubeIDE/plugins/com.st.stm32cube.ide.mcu.externaltools.gnu-tools-for-stm32.13.3.rel1.win32_1.0.100.202509120712/tools/bin/../lib/gcc/arm-none-eabi/13.3.1/../../../../arm-none-eabi/lib/thumb/v7e-m+fp/hard\libc_nano.a(libc_a-findfp.o)
 .text.stdio_exit_handler
                0x08007d74       0x18 C:/Program Files/STM32CubeIDE_2.0.0/STM32CubeIDE/plugins/com.st.stm32cube.ide.mcu.externaltools.gnu-tools-for-stm32.13.3.rel1.win32_1.0.100.202509120712/tools/bin/../lib/gcc/arm-none-eabi/13.3.1/../../../../arm-none-eabi/lib/thumb/v7e-m+fp/hard\libc_nano.a(libc_a-findfp.o)
 .text.cleanup_stdio
                0x08007d8c       0x40 C:/Program Files/STM32CubeIDE_2.0.0/STM32CubeIDE/plugins/com.st.stm32cube.ide.mcu.externaltools.gnu-tools-for-stm32.13.3.rel1.win32_1.0.100.202509120712/tools/bin/../lib/gcc/arm-none-eabi/13.3.1/../../../../arm-none-eabi/lib/thumb/v7e-m+fp/hard\libc_nano.a(libc_a-findfp.o)
 .text.global_stdio_init.part.0
                0x08007dcc       0x3c C:/Program Files/STM32CubeIDE_2.0.0/STM32CubeIDE/plugins/com.st.stm32cube.ide.mcu.externaltools.gnu-tools-for-stm32.13.3.rel1.win32_1.0.100.202509120712/tools/bin/../lib/gcc/arm-none-eabi/13.3.1/../../../../arm-none-eabi/lib/thumb/v7e-m+fp/hard\libc_nano.a(libc_a-findfp.o)
 .text.__sfp_lock_acquire
                0x08007e08        0xc C:/Program Files/STM32CubeIDE_2.0.0/STM32CubeIDE/plugins/com.st.stm32cube.ide.mcu.externaltools.gnu-tools-for-stm32.13.3.rel1.win32_1.0.100.202509120712/tools/bin/../lib/gcc/arm-none-eabi/13.3.1/../../../../arm-none-eabi/lib/thumb/v7e-m+fp/hard\libc_nano.a(libc_a-findfp.o)
                0x08007e08                __sfp_lock_acquire
 .text.__sfp_lock_release
                0x08007e14        0xc C:/Program Files/STM32CubeIDE_2.0.0/STM32CubeIDE/plugins/com.st.stm32cube.ide.mcu.externaltools.gnu-tools-for-stm32.13.3.rel1.win32_1.0.100.202509120712/tools/bin/../lib/gcc/arm-none-eabi/13.3.1/../../../../arm-none-eabi/lib/thumb/v7e-m+fp/hard\libc_nano.a(libc_a-findfp.o)
                0x08007e14                __sfp_lock_release
 .text.__sinit  0x08007e20       0x30 C:/Program Files/STM32CubeIDE_2.0.0/STM32CubeIDE/plugins/com.st.stm32cube.ide.mcu.externaltools.gnu-tools-for-stm32.13.3.rel1.win32_1.0.100.202509120712/tools/bin/../lib/gcc/arm-none-eabi/13.3.1/../../../../arm-none-eabi/lib/thumb/v7e-m+fp/hard\libc_nano.a(libc_a-findfp.o)
                0x08007e20                __sinit
 .text._fwalk_sglue
                0x08007e50       0x3c C:/Program Files/STM32CubeIDE_2.0.0/STM32CubeIDE/plugins/com.st.stm32cube.ide.mcu.externaltools.gnu-tools-for-stm32.13.3.rel1.win32_1.0.100.202509120712/tools/bin/../lib/gcc/arm-none-eabi/13.3.1/../../../../arm-none-eabi/lib/thumb/v7e-m+fp/hard\libc_nano.a(libc_a-fwalk.o)
                0x08007e50                _fwalk_sglue
 .text.printf   0x08007e8c       0x24 C:/Program Files/STM32CubeIDE_2.0.0/STM32CubeIDE/plugins/com.st.stm32cube.ide.mcu.externaltools.gnu-tools-for-stm32.13.3.rel1.win32_1.0.100.202509120712/tools/bin/../lib/gcc/arm-none-eabi/13.3.1/../../../../arm-none-eabi/lib/thumb/v7e-m+fp/hard\libc_nano.a(libc_a-printf.o)
                0x08007e8c                iprintf
                0x08007e8c                printf
 .text._puts_r  0x08007eb0       0xaa C:/Program Files/STM32CubeIDE_2.0.0/STM32CubeIDE/plugins/com.st.stm32cube.ide.mcu.externaltools.gnu-tools-for-stm32.13.3.rel1.win32_1.0.100.202509120712/tools/bin/../lib/gcc/arm-none-eabi/13.3.1/../../../../arm-none-eabi/lib/thumb/v7e-m+fp/hard\libc_nano.a(libc_a-puts.o)
                0x08007eb0                _puts_r
 *fill*         0x08007f5a        0x2 
 .text.puts     0x08007f5c       0x10 C:/Program Files/STM32CubeIDE_2.0.0/STM32CubeIDE/plugins/com.st.stm32cube.ide.mcu.externaltools.gnu-tools-for-stm32.13.3.rel1.win32_1.0.100.202509120712/tools/bin/../lib/gcc/arm-none-eabi/13.3.1/../../../../arm-none-eabi/lib/thumb/v7e-m+fp/hard\libc_nano.a(libc_a-puts.o)
                0x08007f5c                puts
 .text.snprintf
                0x08007f6c       0x6c C:/Program Files/STM32CubeIDE_2.0.0/STM32CubeIDE/plugins/com.st.stm32cube.ide.mcu.externaltools.gnu-tools-for-stm32.13.3.rel1.win32_1.0.100.202509120712/tools/bin/../lib/gcc/arm-none-eabi/13.3.1/../../../../arm-none-eabi/lib/thumb/v7e-m+fp/hard\libc_nano.a(libc_a-snprintf.o)
                0x08007f6c                sniprintf
                0x08007f6c                snprintf
 .text.__sread  0x08007fd8       0x22 C:/Program Files/STM32CubeIDE_2.0.0/STM32CubeIDE/plugins/com.st.stm32cube.ide.mcu.externaltools.gnu-tools-for-stm32.13.3.rel1.win32_1.0.100.202509120712/tools/bin/../lib/gcc/arm-none-eabi/13.3.1/../../../../arm-none-eabi/lib/thumb/v7e-m+fp/hard\libc_nano.a(libc_a-stdio.o)
                0x08007fd8                __sread
 .text.__swrite
                0x08007ffa       0x38 C:/Program Files/STM32CubeIDE_2.0.0/STM32CubeIDE/plugins/com.st.stm32cube.ide.mcu.externaltools.gnu-tools-for-stm32.13.3.rel1.win32_1.0.100.202509120712/tools/bin/../lib/gcc/arm-none-eabi/13.3.1/../../../../arm-none-eabi/lib/thumb/v7e-m+fp/hard\libc_nano.a(libc_a-stdio.o)
                0x08007ffa                __swrite
 .text.__sseek  0x08008032       0x24 C:/Program Files/STM32CubeIDE_2.0.0/STM32CubeIDE/plugins/com.st.stm32cube.ide.mcu.externaltools.gnu-tools-for-stm32.13.3.rel1.win32_1.0.100.202509120712/tools/bin/../lib/gcc/arm-none-eabi/13.3.1/../../../../arm-none-eabi/lib/thumb/v7e-m+fp/hard\libc_nano.a(libc_a-stdio.o)
                0x08008032                __sseek
 .text.__sclose
                0x08008056        0x8 C:/Program Files/STM32CubeIDE_2.0.0/STM32CubeIDE/plugins/com.st.stm32cube.ide.mcu.externaltools.gnu-tools-for-stm32.13.3.rel1.win32_1.0.100.202509120712/tools/bin/../lib/gcc/arm-none-eabi/13.3.1/../../../../arm-none-eabi/lib/thumb/v7e-m+fp/hard\libc_nano.a(libc_a-stdio.o)
                0x08008056                __sclose
 .text.__swbuf_r
                0x0800805e       0x7c C:/Program Files/STM32CubeIDE_2.0.0/STM32CubeIDE/plugins/com.st.stm32cube.ide.mcu.externaltools.gnu-tools-for-stm32.13.3.rel1.win32_1.0.100.202509120712/tools/bin/../lib/gcc/arm-none-eabi/13.3.1/../../../../arm-none-eabi/lib/thumb/v7e-m+fp/hard\libc_nano.a(libc_a-wbuf.o)
                0x0800805e                __swbuf_r
 *fill*         0x080080da        0x2 
 .text.__swsetup_r
                0x080080dc       0xac C:/Program Files/STM32CubeIDE_2.0.0/STM32CubeIDE/plugins/com.st.stm32cube.ide.mcu.externaltools.gnu-tools-for-stm32.13.3.rel1.win32_1.0.100.202509120712/tools/bin/../lib/gcc/arm-none-eabi/13.3.1/../../../../arm-none-eabi/lib/thumb/v7e-m+fp/hard\libc_nano.a(libc_a-wsetup.o)
                0x080080dc                __swsetup_r
 .text.memset   0x08008188       0x10 C:/Program Files/STM32CubeIDE_2.0.0/STM32CubeIDE/plugins/com.st.stm32cube.ide.mcu.externaltools.gnu-tools-for-stm32.13.3.rel1.win32_1.0.100.202509120712/tools/bin/../lib/gcc/arm-none-eabi/13.3.1/../../../../arm-none-eabi/lib/thumb/v7e-m+fp/hard\libc_nano.a(libc_a-memset.o)
                0x08008188                memset
 .text.strstr   0x08008198       0x2c C:/Program Files/STM32CubeIDE_2.0.0/STM32CubeIDE/plugins/com.st.stm32cube.ide.mcu.externaltools.gnu-tools-for-stm32.13.3.rel1.win32_1.0.100.202509120712/tools/bin/../lib/gcc/arm-none-eabi/13.3.1/../../../../arm-none-eabi/lib/thumb/v7e-m+fp/hard\libc_nano.a(libc_a-strstr.o)
                0x08008198                strstr
 .text._close_r
                0x080081c4       0x20 C:/Program Files/STM32CubeIDE_2.0.0/STM32CubeIDE/plugins/com.st.stm32cube.ide.mcu.externaltools.gnu-tools-for-stm32.13.3.rel1.win32_1.0.100.202509120712/tools/bin/../lib/gcc/arm-none-eabi/13.3.1/../../../../arm-none-eabi/lib/thumb/v7e-m+fp/hard\libc_nano.a(libc_a-closer.o)
                0x080081c4                _close_r
 .text._reclaim_reent
                0x080081e4       0xbc C:/Program Files/STM32CubeIDE_2.0.0/STM32CubeIDE/plugins/com.st.stm32cube.ide.mcu.externaltools.gnu-tools-for-stm32.13.3.rel1.win32_1.0.100.202509120712/tools/bin/../lib/gcc/arm-none-eabi/13.3.1/../../../../arm-none-eabi/lib/thumb/v7e-m+fp/hard\libc_nano.a(libc_a-reent.o)
                0x080081e4                _reclaim_reent
 .text._lseek_r
                0x080082a0       0x24 C:/Program Files/STM32CubeIDE_2.0.0/STM32CubeIDE/plugins/com.st.stm32cube.ide.mcu.externaltools.gnu-tools-for-stm32.13.3.rel1.win32_1.0.100.202509120712/tools/bin/../lib/gcc/arm-none-eabi/13.3.1/../../../../arm-none-eabi/lib/thumb/v7e-m+fp/hard\libc_nano.a(libc_a-lseekr.o)
                0x080082a0                _lseek_r
 .text._read_r  0x080082c4       0x24 C:/Program Files/STM32CubeIDE_2.0.0/STM32CubeIDE/plugins/com.st.stm32cube.ide.mcu.externaltools.gnu-tools-for-stm32.13.3.rel1.win32_1.0.100.202509120712/tools/bin/../lib/gcc/arm-none-eabi/13.3.1/../../../../arm-none-eabi/lib/thumb/v7e-m+fp/hard\libc_nano.a(libc_a-readr.o)
                0x080082c4                _read_r
 .text._write_r
                0x080082e8       0x24 C:/Program Files/STM32CubeIDE_2.0.0/STM32CubeIDE/plugins/com.st.stm32cube.ide.mcu.externaltools.gnu-tools-for-stm32.13.3.rel1.win32_1.0.100.202509120712/tools/bin/../lib/gcc/arm-none-eabi/13.3.1/../../../../arm-none-eabi/lib/thumb/v7e-m+fp/hard\libc_nano.a(libc_a-writer.o)
                0x080082e8                _write_r
 .text.__errno  0x0800830c        0xc C:/Program Files/STM32CubeIDE_2.0.0/STM32CubeIDE/plugins/com.st.stm32cube.ide.mcu.externaltools.gnu-tools-for-stm32.13.3.rel1.win32_1.0.100.202509120712/tools/bin/../lib/gcc/arm-none-eabi/13.3.1/../../../../arm-none-eabi/lib/thumb/v7e-m+fp/hard\libc_nano.a(libc_a-errno.o)
                0x0800830c                __errno
 .text.__libc_init_array
                0x08008318       0x48 C:/Program Files/STM32CubeIDE_2.0.0/STM32CubeIDE/plugins/com.st.stm32cube.ide.mcu.externaltools.gnu-tools-for-stm32.13.3.rel1.win32_1.0.100.202509120712/tools/bin/../lib/gcc/arm-none-eabi/13.3.1/../../../../arm-none-eabi/lib/thumb/v7e-m+fp/hard\libc_nano.a(libc_a-init.o)
                0x08008318                __libc_init_array
 .text.__retarget_lock_init_recursive
                0x08008360        0x2 C:/Program Files/STM32CubeIDE_2.0.0/STM32CubeIDE/plugins/com.st.stm32cube.ide.mcu.externaltools.gnu-tools-for-stm32.13.3.rel1.win32_1.0.100.202509120712/tools/bin/../lib/gcc/arm-none-eabi/13.3.1/../../../../arm-none-eabi/lib/thumb/v7e-m+fp/hard\libc_nano.a(libc_a-lock.o)
                0x08008360                __retarget_lock_init_recursive
 .text.__retarget_lock_acquire_recursive
                0x08008362        0x2 C:/Program Files/STM32CubeIDE_2.0.0/STM32CubeIDE/plugins/com.st.stm32cube.ide.mcu.externaltools.gnu-tools-for-stm32.13.3.rel1.win32_1.0.100.202509120712/tools/bin/../lib/gcc/arm-none-eabi/13.3.1/../../../../arm-none-eabi/lib/thumb/v7e-m+fp/hard\libc_nano.a(libc_a-lock.o)
                0x08008362                __retarget_lock_acquire_recursive
 .text.__retarget_lock_release_recursive
                0x08008364        0x2 C:/Program Files/STM32CubeIDE_2.0.0/STM32CubeIDE/plugins/com.st.stm32cube.ide.mcu.externaltools.gnu-tools-for-stm32.13.3.rel1.win32_1.0.100.202509120712/tools/bin/../lib/gcc/arm-none-eabi/13.3.1/../../../../arm-none-eabi/lib/thumb/v7e-m+fp/hard\libc_nano.a(libc_a-lock.o)
                0x08008364                __retarget_lock_release_recursive
 .text.memcpy   0x08008366       0x1c C:/Program Files/STM32CubeIDE_2.0.0/STM32CubeIDE/plugins/com.st.stm32cube.ide.mcu.externaltools.gnu-tools-for-stm32.13.3.rel1.win32_1.0.100.202509120712/tools/bin/../lib/gcc/arm-none-eabi/13.3.1/../../../../arm-none-eabi/lib/thumb/v7e-m+fp/hard\libc_nano.a(libc_a-memcpy-stub.o)
                0x08008366                memcpy
 *fill*         0x08008382        0x2 
 .text._free_r  0x08008384       0x94 C:/Program Files/STM32CubeIDE_2.0.0/STM32CubeIDE/plugins/com.st.stm32cube.ide.mcu.externaltools.gnu-tools-for-stm32.13.3.rel1.win32_1.0.100.202509120712/tools/bin/../lib/gcc/arm-none-eabi/13.3.1/../../../../arm-none-eabi/lib/thumb/v7e-m+fp/hard\libc_nano.a(libc_a-freer.o)
                0x08008384                _free_r
 .text.sbrk_aligned
                0x08008418       0x44 C:/Program Files/STM32CubeIDE_2.0.0/STM32CubeIDE/plugins/com.st.stm32cube.ide.mcu.externaltools.gnu-tools-for-stm32.13.3.rel1.win32_1.0.100.202509120712/tools/bin/../lib/gcc/arm-none-eabi/13.3.1/../../../../arm-none-eabi/lib/thumb/v7e-m+fp/hard\libc_nano.a(libc_a-mallocr.o)
 .text._malloc_r
                0x0800845c      0x100 C:/Program Files/STM32CubeIDE_2.0.0/STM32CubeIDE/plugins/com.st.stm32cube.ide.mcu.externaltools.gnu-tools-for-stm32.13.3.rel1.win32_1.0.100.202509120712/tools/bin/../lib/gcc/arm-none-eabi/13.3.1/../../../../arm-none-eabi/lib/thumb/v7e-m+fp/hard\libc_nano.a(libc_a-mallocr.o)
                0x0800845c                _malloc_r
 .text.__malloc_lock
                0x0800855c        0xc C:/Program Files/STM32CubeIDE_2.0.0/STM32CubeIDE/plugins/com.st.stm32cube.ide.mcu.externaltools.gnu-tools-for-stm32.13.3.rel1.win32_1.0.100.202509120712/tools/bin/../lib/gcc/arm-none-eabi/13.3.1/../../../../arm-none-eabi/lib/thumb/v7e-m+fp/hard\libc_nano.a(libc_a-mlock.o)
                0x0800855c                __malloc_lock
 .text.__malloc_unlock
                0x08008568        0xc C:/Program Files/STM32CubeIDE_2.0.0/STM32CubeIDE/plugins/com.st.stm32cube.ide.mcu.externaltools.gnu-tools-for-stm32.13.3.rel1.win32_1.0.100.202509120712/tools/bin/../lib/gcc/arm-none-eabi/13.3.1/../../../../arm-none-eabi/lib/thumb/v7e-m+fp/hard\libc_nano.a(libc_a-mlock.o)
                0x08008568                __malloc_unlock
 .text.__ssputs_r
                0x08008574       0xb6 C:/Program Files/STM32CubeIDE_2.0.0/STM32CubeIDE/plugins/com.st.stm32cube.ide.mcu.externaltools.gnu-tools-for-stm32.13.3.rel1.win32_1.0.100.202509120712/tools/bin/../lib/gcc/arm-none-eabi/13.3.1/../../../../arm-none-eabi/lib/thumb/v7e-m+fp/hard\libc_nano.a(libc_a-nano-svfprintf.o)
                0x08008574                __ssputs_r
 *fill*         0x0800862a        0x2 
 .text._svfprintf_r
                0x0800862c      0x1f8 C:/Program Files/STM32CubeIDE_2.0.0/STM32CubeIDE/plugins/com.st.stm32cube.ide.mcu.externaltools.gnu-tools-for-stm32.13.3.rel1.win32_1.0.100.202509120712/tools/bin/../lib/gcc/arm-none-eabi/13.3.1/../../../../arm-none-eabi/lib/thumb/v7e-m+fp/hard\libc_nano.a(libc_a-nano-svfprintf.o)
                0x0800862c                _svfiprintf_r
                0x0800862c                _svfprintf_r
 .text.__sfputc_r
                0x08008824       0x2e C:/Program Files/STM32CubeIDE_2.0.0/STM32CubeIDE/plugins/com.st.stm32cube.ide.mcu.externaltools.gnu-tools-for-stm32.13.3.rel1.win32_1.0.100.202509120712/tools/bin/../lib/gcc/arm-none-eabi/13.3.1/../../../../arm-none-eabi/lib/thumb/v7e-m+fp/hard\libc_nano.a(libc_a-nano-vfprintf.o)
 .text.__sfputs_r
                0x08008852       0x24 C:/Program Files/STM32CubeIDE_2.0.0/STM32CubeIDE/plugins/com.st.stm32cube.ide.mcu.externaltools.gnu-tools-for-stm32.13.3.rel1.win32_1.0.100.202509120712/tools/bin/../lib/gcc/arm-none-eabi/13.3.1/../../../../arm-none-eabi/lib/thumb/v7e-m+fp/hard\libc_nano.a(libc_a-nano-vfprintf.o)
                0x08008852                __sfputs_r
 *fill*         0x08008876        0x2 
 .text._vfprintf_r
                0x08008878      0x230 C:/Program Files/STM32CubeIDE_2.0.0/STM32CubeIDE/plugins/com.st.stm32cube.ide.mcu.externaltools.gnu-tools-for-stm32.13.3.rel1.win32_1.0.100.202509120712/tools/bin/../lib/gcc/arm-none-eabi/13.3.1/../../../../arm-none-eabi/lib/thumb/v7e-m+fp/hard\libc_nano.a(libc_a-nano-vfprintf.o)
                0x08008878                _vfprintf_r
                0x08008878                _vfiprintf_r
 .text._printf_common
                0x08008aa8       0xda C:/Program Files/STM32CubeIDE_2.0.0/STM32CubeIDE/plugins/com.st.stm32cube.ide.mcu.externaltools.gnu-tools-for-stm32.13.3.rel1.win32_1.0.100.202509120712/tools/bin/../lib/gcc/arm-none-eabi/13.3.1/../../../../arm-none-eabi/lib/thumb/v7e-m+fp/hard\libc_nano.a(libc_a-nano-vfprintf_i.o)
                0x08008aa8                _printf_common
 *fill*         0x08008b82        0x2 
 .text._printf_i
                0x08008b84      0x23c C:/Program Files/STM32CubeIDE_2.0.0/STM32CubeIDE/plugins/com.st.stm32cube.ide.mcu.externaltools.gnu-tools-for-stm32.13.3.rel1.win32_1.0.100.202509120712/tools/bin/../lib/gcc/arm-none-eabi/13.3.1/../../../../arm-none-eabi/lib/thumb/v7e-m+fp/hard\libc_nano.a(libc_a-nano-vfprintf_i.o)
                0x08008b84                _printf_i
 .text.__sflush_r
                0x08008dc0      0x108 C:/Program Files/STM32CubeIDE_2.0.0/STM32CubeIDE/plugins/com.st.stm32cube.ide.mcu.externaltools.gnu-tools-for-stm32.13.3.rel1.win32_1.0.100.202509120712/tools/bin/../lib/gcc/arm-none-eabi/13.3.1/../../../../arm-none-eabi/lib/thumb/v7e-m+fp/hard\libc_nano.a(libc_a-fflush.o)
                0x08008dc0                __sflush_r
 .text._fflush_r
                0x08008ec8       0x50 C:/Program Files/STM32CubeIDE_2.0.0/STM32CubeIDE/plugins/com.st.stm32cube.ide.mcu.externaltools.gnu-tools-for-stm32.13.3.rel1.win32_1.0.100.202509120712/tools/bin/../lib/gcc/arm-none-eabi/13.3.1/../../../../arm-none-eabi/lib/thumb/v7e-m+fp/hard\libc_nano.a(libc_a-fflush.o)
                0x08008ec8                _fflush_r
 .text.__swhatbuf_r
                0x08008f18       0x4c C:/Program Files/STM32CubeIDE_2.0.0/STM32CubeIDE/plugins/com.st.stm32cube.ide.mcu.externaltools.gnu-tools-for-stm32.13.3.rel1.win32_1.0.100.202509120712/tools/bin/../lib/gcc/arm-none-eabi/13.3.1/../../../../arm-none-eabi/lib/thumb/v7e-m+fp/hard\libc_nano.a(libc_a-makebuf.o)
                0x08008f18                __swhatbuf_r
 .text.__smakebuf_r
                0x08008f64       0x78 C:/Program Files/STM32CubeIDE_2.0.0/STM32CubeIDE/plugins/com.st.stm32cube.ide.mcu.externaltools.gnu-tools-for-stm32.13.3.rel1.win32_1.0.100.202509120712/tools/bin/../lib/gcc/arm-none-eabi/13.3.1/../../../../arm-none-eabi/lib/thumb/v7e-m+fp/hard\libc_nano.a(libc_a-makebuf.o)
                0x08008f64                __smakebuf_r
 .text.memmove  0x08008fdc       0x34 C:/Program Files/STM32CubeIDE_2.0.0/STM32CubeIDE/plugins/com.st.stm32cube.ide.mcu.externaltools.gnu-tools-for-stm32.13.3.rel1.win32_1.0.100.202509120712/tools/bin/../lib/gcc/arm-none-eabi/13.3.1/../../../../arm-none-eabi/lib/thumb/v7e-m+fp/hard\libc_nano.a(libc_a-memmove.o)
                0x08008fdc                memmove
 .text._fstat_r
                0x08009010       0x24 C:/Program Files/STM32CubeIDE_2.0.0/STM32CubeIDE/plugins/com.st.stm32cube.ide.mcu.externaltools.gnu-tools-for-stm32.13.3.rel1.win32_1.0.100.202509120712/tools/bin/../lib/gcc/arm-none-eabi/13.3.1/../../../../arm-none-eabi/lib/thumb/v7e-m+fp/hard\libc_nano.a(libc_a-fstatr.o)
                0x08009010                _fstat_r
 .text._isatty_r
                0x08009034       0x20 C:/Program Files/STM32CubeIDE_2.0.0/STM32CubeIDE/plugins/com.st.stm32cube.ide.mcu.externaltools.gnu-tools-for-stm32.13.3.rel1.win32_1.0.100.202509120712/tools/bin/../lib/gcc/arm-none-eabi/13.3.1/../../../../arm-none-eabi/lib/thumb/v7e-m+fp/hard\libc_nano.a(libc_a-isattyr.o)
                0x08009034                _isatty_r
 .text._sbrk_r  0x08009054       0x20 C:/Program Files/STM32CubeIDE_2.0.0/STM32CubeIDE/plugins/com.st.stm32cube.ide.mcu.externaltools.gnu-tools-for-stm32.13.3.rel1.win32_1.0.100.202509120712/tools/bin/../lib/gcc/arm-none-eabi/13.3.1/../../../../arm-none-eabi/lib/thumb/v7e-m+fp/hard\libc_nano.a(libc_a-sbrkr.o)
                0x08009054                _sbrk_r
 .text._realloc_r
                0x08009074       0x5c C:/Program Files/STM32CubeIDE_2.0.0/STM32CubeIDE/plugins/com.st.stm32cube.ide.mcu.externaltools.gnu-tools-for-stm32.13.3.rel1.win32_1.0.100.202509120712/tools/bin/../lib/gcc/arm-none-eabi/13.3.1/../../../../arm-none-eabi/lib/thumb/v7e-m+fp/hard\libc_nano.a(libc_a-reallocr.o)
                0x08009074                _realloc_r
 .text._malloc_usable_size_r
                0x080090d0       0x10 C:/Program Files/STM32CubeIDE_2.0.0/STM32CubeIDE/plugins/com.st.stm32cube.ide.mcu.externaltools.gnu-tools-for-stm32.13.3.rel1.win32_1.0.100.202509120712/tools/bin/../lib/gcc/arm-none-eabi/13.3.1/../../../../arm-none-eabi/lib/thumb/v7e-m+fp/hard\libc_nano.a(libc_a-msizer.o)
                0x080090d0                _malloc_usable_size_r
 *(.glue_7)
 .glue_7        0x080090e0        0x0 linker stubs
 *(.glue_7t)
 .glue_7t       0x080090e0        0x0 linker stubs
 *(.eh_frame)
 .eh_frame      0x080090e0        0x0 C:/Program Files/STM32CubeIDE_2.0.0/STM32CubeIDE/plugins/com.st.stm32cube.ide.mcu.externaltools.gnu-tools-for-stm32.13.3.rel1.win32_1.0.100.202509120712/tools/bin/../lib/gcc/arm-none-eabi/13.3.1/thumb/v7e-m+fp/hard/crtbegin.o
 *(.init)
 .init          0x080090e0        0x4 C:/Program Files/STM32CubeIDE_2.0.0/STM32CubeIDE/plugins/com.st.stm32cube.ide.mcu.externaltools.gnu-tools-for-stm32.13.3.rel1.win32_1.0.100.202509120712/tools/bin/../lib/gcc/arm-none-eabi/13.3.1/thumb/v7e-m+fp/hard/crti.o
                0x080090e0                _init
 .init          0x080090e4        0x8 C:/Program Files/STM32CubeIDE_2.0.0/STM32CubeIDE/plugins/com.st.stm32cube.ide.mcu.externaltools.gnu-tools-for-stm32.13.3.rel1.win32_1.0.100.202509120712/tools/bin/../lib/gcc/arm-none-eabi/13.3.1/thumb/v7e-m+fp/hard/crtn.o
 *(.fini)
 .fini          0x080090ec        0x4 C:/Program Files/STM32CubeIDE_2.0.0/STM32CubeIDE/plugins/com.st.stm32cube.ide.mcu.externaltools.gnu-tools-for-stm32.13.3.rel1.win32_1.0.100.202509120712/tools/bin/../lib/gcc/arm-none-eabi/13.3.1/thumb/v7e-m+fp/hard/crti.o
                0x080090ec                _fini
 .fini          0x080090f0        0x8 C:/Program Files/STM32CubeIDE_2.0.0/STM32CubeIDE/plugins/com.st.stm32cube.ide.mcu.externaltools.gnu-tools-for-stm32.13.3.rel1.win32_1.0.100.202509120712/tools/bin/../lib/gcc/arm-none-eabi/13.3.1/thumb/v7e-m+fp/hard/crtn.o
                0x080090f8                        . = ALIGN (0x4)
                0x080090f8                        _etext = .

.vfp11_veneer   0x080090f8        0x0
 .vfp11_veneer  0x080090f8        0x0 linker stubs

.v4_bx          0x080090f8        0x0
 .v4_bx         0x080090f8        0x0 linker stubs

.iplt           0x080090f8        0x0
 .iplt          0x080090f8        0x0 C:/Program Files/STM32CubeIDE_2.0.0/STM32CubeIDE/plugins/com.st.stm32cube.ide.mcu.externaltools.gnu-tools-for-stm32.13.3.rel1.win32_1.0.100.202509120712/tools/bin/../lib/gcc/arm-none-eabi/13.3.1/thumb/v7e-m+fp/hard/crtbegin.o

.rodata         0x080090f8      0x348
                0x080090f8                        . = ALIGN (0x4)
 *(.rodata)
 .rodata        0x080090f8      0x11d ./Core/Src/esp8266.o
 *fill*         0x08009215        0x3 
 .rodata        0x08009218       0xae ./Core/Src/k210_protocol.o
 *fill*         0x080092c6        0x2 
 .rodata        0x080092c8       0x58 ./Core/Src/main.o
 .rodata        0x08009320        0x5 ./Middlewares/Third_Party/FreeRTOS/Source/tasks.o
 *fill*         0x08009325        0x3 
 .rodata        0x08009328        0xd ./Middlewares/Third_Party/FreeRTOS/Source/timers.o
 *(.rodata*)
 *fill*         0x08009335        0x3 
 .rodata.defaultTask_attributes
                0x08009338       0x24 ./Core/Src/main.o
                0x08009338                defaultTask_attributes
 .rodata.USART1_Task_attributes
                0x0800935c       0x24 ./Core/Src/main.o
                0x0800935c                USART1_Task_attributes
 .rodata.USART2_Task_attributes
                0x08009380       0x24 ./Core/Src/main.o
                0x08009380                USART2_Task_attributes
 .rodata.USART3_Task_attributes
                0x080093a4       0x24 ./Core/Src/main.o
                0x080093a4                USART3_Task_attributes
 .rodata.Beeper_Task_attributes
                0x080093c8       0x24 ./Core/Src/main.o
                0x080093c8                Beeper_Task_attributes
 .rodata.AHBPrescTable
                0x080093ec       0x10 ./Core/Src/system_stm32f4xx.o
                0x080093ec                AHBPrescTable
 .rodata.APBPrescTable
                0x080093fc        0x8 ./Core/Src/system_stm32f4xx.o
                0x080093fc                APBPrescTable
 .rodata.flagBitshiftOffset.0
                0x08009404        0x8 ./Drivers/STM32F4xx_HAL_Driver/Src/stm32f4xx_hal_dma.o
 .rodata._svfprintf_r.str1.1
                0x0800940c       0x33 C:/Program Files/STM32CubeIDE_2.0.0/STM32CubeIDE/plugins/com.st.stm32cube.ide.mcu.externaltools.gnu-tools-for-stm32.13.3.rel1.win32_1.0.100.202509120712/tools/bin/../lib/gcc/arm-none-eabi/13.3.1/../../../../arm-none-eabi/lib/thumb/v7e-m+fp/hard\libc_nano.a(libc_a-nano-svfprintf.o)
                                 0x11 (size before relaxing)
 .rodata._vfprintf_r.str1.1
                0x0800943f        0x0 C:/Program Files/STM32CubeIDE_2.0.0/STM32CubeIDE/plugins/com.st.stm32cube.ide.mcu.externaltools.gnu-tools-for-stm32.13.3.rel1.win32_1.0.100.202509120712/tools/bin/../lib/gcc/arm-none-eabi/13.3.1/../../../../arm-none-eabi/lib/thumb/v7e-m+fp/hard\libc_nano.a(libc_a-nano-vfprintf.o)
                                 0x11 (size before relaxing)
 .rodata._printf_i.str1.1
                0x0800943f        0x0 C:/Program Files/STM32CubeIDE_2.0.0/STM32CubeIDE/plugins/com.st.stm32cube.ide.mcu.externaltools.gnu-tools-for-stm32.13.3.rel1.win32_1.0.100.202509120712/tools/bin/../lib/gcc/arm-none-eabi/13.3.1/../../../../arm-none-eabi/lib/thumb/v7e-m+fp/hard\libc_nano.a(libc_a-nano-vfprintf_i.o)
                                 0x22 (size before relaxing)
                0x08009440                        . = ALIGN (0x4)
 *fill*         0x0800943f        0x1 

.ARM.extab      0x08009440        0x0
                0x08009440                        . = ALIGN (0x4)
 *(.ARM.extab* .gnu.linkonce.armextab.*)
                0x08009440                        . = ALIGN (0x4)

.ARM            0x08009440        0x8
                0x08009440                        . = ALIGN (0x4)
                0x08009440                        __exidx_start = .
 *(.ARM.exidx*)
 .ARM.exidx     0x08009440        0x8 C:/Program Files/STM32CubeIDE_2.0.0/STM32CubeIDE/plugins/com.st.stm32cube.ide.mcu.externaltools.gnu-tools-for-stm32.13.3.rel1.win32_1.0.100.202509120712/tools/bin/../lib/gcc/arm-none-eabi/13.3.1/../../../../arm-none-eabi/lib/thumb/v7e-m+fp/hard\libc_nano.a(libc_a-strlen.o)
 .ARM.exidx     0x08009448        0x0 C:/Program Files/STM32CubeIDE_2.0.0/STM32CubeIDE/plugins/com.st.stm32cube.ide.mcu.externaltools.gnu-tools-for-stm32.13.3.rel1.win32_1.0.100.202509120712/tools/bin/../lib/gcc/arm-none-eabi/13.3.1/../../../../arm-none-eabi/lib/thumb/v7e-m+fp/hard\libc_nano.a(libc_a-memchr.o)
                                  0x8 (size before relaxing)
 .ARM.exidx     0x08009448        0x0 C:/Program Files/STM32CubeIDE_2.0.0/STM32CubeIDE/plugins/com.st.stm32cube.ide.mcu.externaltools.gnu-tools-for-stm32.13.3.rel1.win32_1.0.100.202509120712/tools/bin/../lib/gcc/arm-none-eabi/13.3.1/thumb/v7e-m+fp/hard\libgcc.a(_udivmoddi4.o)
                                  0x8 (size before relaxing)
                0x08009448                        __exidx_end = .
                0x08009448                        . = ALIGN (0x4)

.preinit_array  0x08009448        0x0
                0x08009448                        . = ALIGN (0x4)
                0x08009448                        PROVIDE (__preinit_array_start = .)
 *(.preinit_array*)
                0x08009448                        PROVIDE (__preinit_array_end = .)
                0x08009448                        . = ALIGN (0x4)

.init_array     0x08009448        0x4
                0x08009448                        . = ALIGN (0x4)
                0x08009448                        PROVIDE (__init_array_start = .)
 *(SORT_BY_NAME(.init_array.*))
 *(.init_array*)
 .init_array    0x08009448        0x4 C:/Program Files/STM32CubeIDE_2.0.0/STM32CubeIDE/plugins/com.st.stm32cube.ide.mcu.externaltools.gnu-tools-for-stm32.13.3.rel1.win32_1.0.100.202509120712/tools/bin/../lib/gcc/arm-none-eabi/13.3.1/thumb/v7e-m+fp/hard/crtbegin.o
                0x0800944c                        PROVIDE (__init_array_end = .)
                0x0800944c                        . = ALIGN (0x4)

.fini_array     0x0800944c        0x4
                0x0800944c                        . = ALIGN (0x4)
                [!provide]                        PROVIDE (__fini_array_start = .)
 *(SORT_BY_NAME(.fini_array.*))
 *(.fini_array*)
 .fini_array    0x0800944c        0x4 C:/Program Files/STM32CubeIDE_2.0.0/STM32CubeIDE/plugins/com.st.stm32cube.ide.mcu.externaltools.gnu-tools-for-stm32.13.3.rel1.win32_1.0.100.202509120712/tools/bin/../lib/gcc/arm-none-eabi/13.3.1/thumb/v7e-m+fp/hard/crtbegin.o
                [!provide]                        PROVIDE (__fini_array_end = .)
                0x08009450                        . = ALIGN (0x4)
                0x08009450                        _sidata = LOADADDR (.data)

.rel.dyn        0x08009450        0x0
 .rel.iplt      0x08009450        0x0 C:/Program Files/STM32CubeIDE_2.0.0/STM32CubeIDE/plugins/com.st.stm32cube.ide.mcu.externaltools.gnu-tools-for-stm32.13.3.rel1.win32_1.0.100.202509120712/tools/bin/../lib/gcc/arm-none-eabi/13.3.1/thumb/v7e-m+fp/hard/crtbegin.o

.data           0x20000000       0x6c load address 0x08009450
                0x20000000                        . = ALIGN (0x4)
                0x20000000                        _sdata = .
 *(.data)
 *(.data*)
 .data.SystemCoreClock
                0x20000000        0x4 ./Core/Src/system_stm32f4xx.o
                0x20000000                SystemCoreClock
 .data.uwTickPrio
                0x20000004        0x4 ./Drivers/STM32F4xx_HAL_Driver/Src/stm32f4xx_hal.o
                0x20000004                uwTickPrio
 .data.uwTickFreq
                0x20000008        0x1 ./Drivers/STM32F4xx_HAL_Driver/Src/stm32f4xx_hal.o
                0x20000008                uwTickFreq
 *fill*         0x20000009        0x3 
 .data.uxCriticalNesting
                0x2000000c        0x4 ./Middlewares/Third_Party/FreeRTOS/Source/portable/GCC/ARM_CM4F/port.o
 .data.__sglue  0x20000010        0xc C:/Program Files/STM32CubeIDE_2.0.0/STM32CubeIDE/plugins/com.st.stm32cube.ide.mcu.externaltools.gnu-tools-for-stm32.13.3.rel1.win32_1.0.100.202509120712/tools/bin/../lib/gcc/arm-none-eabi/13.3.1/../../../../arm-none-eabi/lib/thumb/v7e-m+fp/hard\libc_nano.a(libc_a-findfp.o)
                0x20000010                __sglue
 .data._impure_ptr
                0x2000001c        0x4 C:/Program Files/STM32CubeIDE_2.0.0/STM32CubeIDE/plugins/com.st.stm32cube.ide.mcu.externaltools.gnu-tools-for-stm32.13.3.rel1.win32_1.0.100.202509120712/tools/bin/../lib/gcc/arm-none-eabi/13.3.1/../../../../arm-none-eabi/lib/thumb/v7e-m+fp/hard\libc_nano.a(libc_a-impure.o)
                0x2000001c                _impure_ptr
 .data._impure_data
                0x20000020       0x4c C:/Program Files/STM32CubeIDE_2.0.0/STM32CubeIDE/plugins/com.st.stm32cube.ide.mcu.externaltools.gnu-tools-for-stm32.13.3.rel1.win32_1.0.100.202509120712/tools/bin/../lib/gcc/arm-none-eabi/13.3.1/../../../../arm-none-eabi/lib/thumb/v7e-m+fp/hard\libc_nano.a(libc_a-impure.o)
                0x20000020                _impure_data
 *(.RamFunc)
 *(.RamFunc*)
                0x2000006c                        . = ALIGN (0x4)
                0x2000006c                        _edata = .
                0x080094bc                        _siccmram = LOADADDR (.ccmram)

.igot.plt       0x2000006c        0x0 load address 0x080094bc
 .igot.plt      0x2000006c        0x0 C:/Program Files/STM32CubeIDE_2.0.0/STM32CubeIDE/plugins/com.st.stm32cube.ide.mcu.externaltools.gnu-tools-for-stm32.13.3.rel1.win32_1.0.100.202509120712/tools/bin/../lib/gcc/arm-none-eabi/13.3.1/thumb/v7e-m+fp/hard/crtbegin.o

.ccmram         0x10000000        0x0 load address 0x080094bc
                0x10000000                        . = ALIGN (0x4)
                0x10000000                        _sccmram = .
 *(.ccmram)
 *(.ccmram*)
                0x10000000                        . = ALIGN (0x4)
                0x10000000                        _eccmram = .
                0x10000000                        . = ALIGN (0x4)

.bss            0x2000006c     0x3c2c
                0x2000006c                        _sbss = .
                0x2000006c                        __bss_start__ = _sbss
 *(.bss)
 .bss           0x2000006c       0x1c C:/Program Files/STM32CubeIDE_2.0.0/STM32CubeIDE/plugins/com.st.stm32cube.ide.mcu.externaltools.gnu-tools-for-stm32.13.3.rel1.win32_1.0.100.202509120712/tools/bin/../lib/gcc/arm-none-eabi/13.3.1/thumb/v7e-m+fp/hard/crtbegin.o
 *(.bss*)
 .bss.esp_state
                0x20000088        0x1 ./Core/Src/esp8266.o
 *fill*         0x20000089        0x3 
 .bss.last_action_time
                0x2000008c        0x4 ./Core/Src/esp8266.o
 .bss.retry_count
                0x20000090        0x1 ./Core/Src/esp8266.o
 .bss.wifi_connected
                0x20000091        0x1 ./Core/Src/esp8266.o
 *fill*         0x20000092        0x2 
 .bss.response_buffer
                0x20000094      0x200 ./Core/Src/esp8266.o
 .bss.resp_index
                0x20000294        0x2 ./Core/Src/esp8266.o
 *fill*         0x20000296        0x2 
 .bss.last_blink.0
                0x20000298        0x4 ./Core/Src/esp8266.o
 .bss.parse_state
                0x2000029c        0x1 ./Core/Src/k210_protocol.o
 *fill*         0x2000029d        0x3 
 .bss.frame_buffer
                0x200002a0      0x400 ./Core/Src/k210_protocol.o
 .bss.frame_index
                0x200006a0        0x2 ./Core/Src/k210_protocol.o
 .bss.payload_length
                0x200006a2        0x2 ./Core/Src/k210_protocol.o
 .bss.expected_length
                0x200006a4        0x1 ./Core/Src/k210_protocol.o
 .bss.calculated_checksum
                0x200006a5        0x1 ./Core/Src/k210_protocol.o
 .bss.checksum.0
                0x200006a6        0x1 ./Core/Src/k210_protocol.o
 *fill*         0x200006a7        0x1 
 .bss.huart1    0x200006a8       0x48 ./Core/Src/main.o
                0x200006a8                huart1
 .bss.huart2    0x200006f0       0x48 ./Core/Src/main.o
                0x200006f0                huart2
 .bss.huart3    0x20000738       0x48 ./Core/Src/main.o
                0x20000738                huart3
 .bss.hdma_usart2_rx
                0x20000780       0x60 ./Core/Src/main.o
                0x20000780                hdma_usart2_rx
 .bss.defaultTaskHandle
                0x200007e0        0x4 ./Core/Src/main.o
                0x200007e0                defaultTaskHandle
 .bss.USART1_TaskHandle
                0x200007e4        0x4 ./Core/Src/main.o
                0x200007e4                USART1_TaskHandle
 .bss.USART2_TaskHandle
                0x200007e8        0x4 ./Core/Src/main.o
                0x200007e8                USART2_TaskHandle
 .bss.USART3_TaskHandle
                0x200007ec        0x4 ./Core/Src/main.o
                0x200007ec                USART3_TaskHandle
 .bss.Beeper_TaskHandle
                0x200007f0        0x4 ./Core/Src/main.o
                0x200007f0                Beeper_TaskHandle
 .bss.usart1_rx_byte
                0x200007f4        0x1 ./Core/Src/main.o
                0x200007f4                usart1_rx_byte
 *fill*         0x200007f5        0x3 
 .bss.usart1_rx_buffer
                0x200007f8        0x8 ./Core/Src/main.o
                0x200007f8                usart1_rx_buffer
 .bss.usart1_frame
                0x20000800        0x5 ./Core/Src/main.o
                0x20000800                usart1_frame
 *fill*         0x20000805        0x3 
 .bss.usart2_dma_buffer
                0x20000808      0x100 ./Core/Src/main.o
                0x20000808                usart2_dma_buffer
 .bss.usart2_rx_buffer
                0x20000908      0x400 ./Core/Src/main.o
                0x20000908                usart2_rx_buffer
 .bss.usart2_rx_len
                0x20000d08        0x2 ./Core/Src/main.o
                0x20000d08                usart2_rx_len
 .bss.usart2_data_ready
                0x20000d0a        0x1 ./Core/Src/main.o
                0x20000d0a                usart2_data_ready
 *fill*         0x20000d0b        0x1 
 .bss.beepQueueHandle
                0x20000d0c        0x4 ./Core/Src/main.o
                0x20000d0c                beepQueueHandle
 .bss.state.1   0x20000d10        0x1 ./Core/Src/main.o
 .bss.data_count.0
                0x20000d11        0x1 ./Core/Src/main.o
 *fill*         0x20000d12        0x2 
 .bss.htim1     0x20000d14       0x48 ./Core/Src/stm32f4xx_hal_timebase_tim.o
                0x20000d14                htim1
 .bss.__sbrk_heap_end
                0x20000d5c        0x4 ./Core/Src/sysmem.o
 .bss.uwTick    0x20000d60        0x4 ./Drivers/STM32F4xx_HAL_Driver/Src/stm32f4xx_hal.o
                0x20000d60                uwTick
 .bss.KernelState
                0x20000d64        0x4 ./Middlewares/Third_Party/FreeRTOS/Source/CMSIS_RTOS_V2/cmsis_os2.o
 .bss.Idle_TCB.3
                0x20000d68       0xa8 ./Middlewares/Third_Party/FreeRTOS/Source/CMSIS_RTOS_V2/cmsis_os2.o
 .bss.Idle_Stack.2
                0x20000e10      0x200 ./Middlewares/Third_Party/FreeRTOS/Source/CMSIS_RTOS_V2/cmsis_os2.o
 .bss.Timer_TCB.1
                0x20001010       0xa8 ./Middlewares/Third_Party/FreeRTOS/Source/CMSIS_RTOS_V2/cmsis_os2.o
 .bss.Timer_Stack.0
                0x200010b8      0x400 ./Middlewares/Third_Party/FreeRTOS/Source/CMSIS_RTOS_V2/cmsis_os2.o
 .bss.xQueueRegistry
                0x200014b8       0x40 ./Middlewares/Third_Party/FreeRTOS/Source/queue.o
                0x200014b8                xQueueRegistry
 .bss.pxCurrentTCB
                0x200014f8        0x4 ./Middlewares/Third_Party/FreeRTOS/Source/tasks.o
                0x200014f8                pxCurrentTCB
 .bss.pxReadyTasksLists
                0x200014fc      0x460 ./Middlewares/Third_Party/FreeRTOS/Source/tasks.o
 .bss.xDelayedTaskList1
                0x2000195c       0x14 ./Middlewares/Third_Party/FreeRTOS/Source/tasks.o
 .bss.xDelayedTaskList2
                0x20001970       0x14 ./Middlewares/Third_Party/FreeRTOS/Source/tasks.o
 .bss.pxDelayedTaskList
                0x20001984        0x4 ./Middlewares/Third_Party/FreeRTOS/Source/tasks.o
 .bss.pxOverflowDelayedTaskList
                0x20001988        0x4 ./Middlewares/Third_Party/FreeRTOS/Source/tasks.o
 .bss.xPendingReadyList
                0x2000198c       0x14 ./Middlewares/Third_Party/FreeRTOS/Source/tasks.o
 .bss.xTasksWaitingTermination
                0x200019a0       0x14 ./Middlewares/Third_Party/FreeRTOS/Source/tasks.o
 .bss.uxDeletedTasksWaitingCleanUp
                0x200019b4        0x4 ./Middlewares/Third_Party/FreeRTOS/Source/tasks.o
 .bss.xSuspendedTaskList
                0x200019b8       0x14 ./Middlewares/Third_Party/FreeRTOS/Source/tasks.o
 .bss.uxCurrentNumberOfTasks
                0x200019cc        0x4 ./Middlewares/Third_Party/FreeRTOS/Source/tasks.o
 .bss.xTickCount
                0x200019d0        0x4 ./Middlewares/Third_Party/FreeRTOS/Source/tasks.o
 .bss.uxTopReadyPriority
                0x200019d4        0x4 ./Middlewares/Third_Party/FreeRTOS/Source/tasks.o
 .bss.xSchedulerRunning
                0x200019d8        0x4 ./Middlewares/Third_Party/FreeRTOS/Source/tasks.o
 .bss.xPendedTicks
                0x200019dc        0x4 ./Middlewares/Third_Party/FreeRTOS/Source/tasks.o
 .bss.xYieldPending
                0x200019e0        0x4 ./Middlewares/Third_Party/FreeRTOS/Source/tasks.o
 .bss.xNumOfOverflows
                0x200019e4        0x4 ./Middlewares/Third_Party/FreeRTOS/Source/tasks.o
 .bss.uxTaskNumber
                0x200019e8        0x4 ./Middlewares/Third_Party/FreeRTOS/Source/tasks.o
 .bss.xNextTaskUnblockTime
                0x200019ec        0x4 ./Middlewares/Third_Party/FreeRTOS/Source/tasks.o
 .bss.xIdleTaskHandle
                0x200019f0        0x4 ./Middlewares/Third_Party/FreeRTOS/Source/tasks.o
 .bss.uxSchedulerSuspended
                0x200019f4        0x4 ./Middlewares/Third_Party/FreeRTOS/Source/tasks.o
 .bss.xActiveTimerList1
                0x200019f8       0x14 ./Middlewares/Third_Party/FreeRTOS/Source/timers.o
 .bss.xActiveTimerList2
                0x20001a0c       0x14 ./Middlewares/Third_Party/FreeRTOS/Source/timers.o
 .bss.pxCurrentTimerList
                0x20001a20        0x4 ./Middlewares/Third_Party/FreeRTOS/Source/timers.o
 .bss.pxOverflowTimerList
                0x20001a24        0x4 ./Middlewares/Third_Party/FreeRTOS/Source/timers.o
 .bss.xTimerQueue
                0x20001a28        0x4 ./Middlewares/Third_Party/FreeRTOS/Source/timers.o
 .bss.xTimerTaskHandle
                0x20001a2c        0x4 ./Middlewares/Third_Party/FreeRTOS/Source/timers.o
 .bss.xLastTime.2
                0x20001a30        0x4 ./Middlewares/Third_Party/FreeRTOS/Source/timers.o
 .bss.ucStaticTimerQueueStorage.1
                0x20001a34       0xa0 ./Middlewares/Third_Party/FreeRTOS/Source/timers.o
 .bss.xStaticTimerQueue.0
                0x20001ad4       0x50 ./Middlewares/Third_Party/FreeRTOS/Source/timers.o
 .bss.ucMaxSysCallPriority
                0x20001b24        0x1 ./Middlewares/Third_Party/FreeRTOS/Source/portable/GCC/ARM_CM4F/port.o
 *fill*         0x20001b25        0x3 
 .bss.ulMaxPRIGROUPValue
                0x20001b28        0x4 ./Middlewares/Third_Party/FreeRTOS/Source/portable/GCC/ARM_CM4F/port.o
 .bss.ucHeap    0x20001b2c     0x2000 ./Middlewares/Third_Party/FreeRTOS/Source/portable/MemMang/heap_4.o
 .bss.xStart    0x20003b2c        0x8 ./Middlewares/Third_Party/FreeRTOS/Source/portable/MemMang/heap_4.o
 .bss.pxEnd     0x20003b34        0x4 ./Middlewares/Third_Party/FreeRTOS/Source/portable/MemMang/heap_4.o
 .bss.xFreeBytesRemaining
                0x20003b38        0x4 ./Middlewares/Third_Party/FreeRTOS/Source/portable/MemMang/heap_4.o
 .bss.xMinimumEverFreeBytesRemaining
                0x20003b3c        0x4 ./Middlewares/Third_Party/FreeRTOS/Source/portable/MemMang/heap_4.o
 .bss.xNumberOfSuccessfulAllocations
                0x20003b40        0x4 ./Middlewares/Third_Party/FreeRTOS/Source/portable/MemMang/heap_4.o
 .bss.xNumberOfSuccessfulFrees
                0x20003b44        0x4 ./Middlewares/Third_Party/FreeRTOS/Source/portable/MemMang/heap_4.o
 .bss.xBlockAllocatedBit
                0x20003b48        0x4 ./Middlewares/Third_Party/FreeRTOS/Source/portable/MemMang/heap_4.o
 .bss.__sf      0x20003b4c      0x138 C:/Program Files/STM32CubeIDE_2.0.0/STM32CubeIDE/plugins/com.st.stm32cube.ide.mcu.externaltools.gnu-tools-for-stm32.13.3.rel1.win32_1.0.100.202509120712/tools/bin/../lib/gcc/arm-none-eabi/13.3.1/../../../../arm-none-eabi/lib/thumb/v7e-m+fp/hard\libc_nano.a(libc_a-findfp.o)
                0x20003b4c                __sf
 .bss.__stdio_exit_handler
                0x20003c84        0x4 C:/Program Files/STM32CubeIDE_2.0.0/STM32CubeIDE/plugins/com.st.stm32cube.ide.mcu.externaltools.gnu-tools-for-stm32.13.3.rel1.win32_1.0.100.202509120712/tools/bin/../lib/gcc/arm-none-eabi/13.3.1/../../../../arm-none-eabi/lib/thumb/v7e-m+fp/hard\libc_nano.a(libc_a-findfp.o)
                0x20003c84                __stdio_exit_handler
 .bss.errno     0x20003c88        0x4 C:/Program Files/STM32CubeIDE_2.0.0/STM32CubeIDE/plugins/com.st.stm32cube.ide.mcu.externaltools.gnu-tools-for-stm32.13.3.rel1.win32_1.0.100.202509120712/tools/bin/../lib/gcc/arm-none-eabi/13.3.1/../../../../arm-none-eabi/lib/thumb/v7e-m+fp/hard\libc_nano.a(libc_a-reent.o)
                0x20003c88                errno
 .bss.__lock___malloc_recursive_mutex
                0x20003c8c        0x1 C:/Program Files/STM32CubeIDE_2.0.0/STM32CubeIDE/plugins/com.st.stm32cube.ide.mcu.externaltools.gnu-tools-for-stm32.13.3.rel1.win32_1.0.100.202509120712/tools/bin/../lib/gcc/arm-none-eabi/13.3.1/../../../../arm-none-eabi/lib/thumb/v7e-m+fp/hard\libc_nano.a(libc_a-lock.o)
                0x20003c8c                __lock___malloc_recursive_mutex
 .bss.__lock___sfp_recursive_mutex
                0x20003c8d        0x1 C:/Program Files/STM32CubeIDE_2.0.0/STM32CubeIDE/plugins/com.st.stm32cube.ide.mcu.externaltools.gnu-tools-for-stm32.13.3.rel1.win32_1.0.100.202509120712/tools/bin/../lib/gcc/arm-none-eabi/13.3.1/../../../../arm-none-eabi/lib/thumb/v7e-m+fp/hard\libc_nano.a(libc_a-lock.o)
                0x20003c8d                __lock___sfp_recursive_mutex
 *fill*         0x20003c8e        0x2 
 .bss.__malloc_sbrk_start
                0x20003c90        0x4 C:/Program Files/STM32CubeIDE_2.0.0/STM32CubeIDE/plugins/com.st.stm32cube.ide.mcu.externaltools.gnu-tools-for-stm32.13.3.rel1.win32_1.0.100.202509120712/tools/bin/../lib/gcc/arm-none-eabi/13.3.1/../../../../arm-none-eabi/lib/thumb/v7e-m+fp/hard\libc_nano.a(libc_a-mallocr.o)
                0x20003c90                __malloc_sbrk_start
 .bss.__malloc_free_list
                0x20003c94        0x4 C:/Program Files/STM32CubeIDE_2.0.0/STM32CubeIDE/plugins/com.st.stm32cube.ide.mcu.externaltools.gnu-tools-for-stm32.13.3.rel1.win32_1.0.100.202509120712/tools/bin/../lib/gcc/arm-none-eabi/13.3.1/../../../../arm-none-eabi/lib/thumb/v7e-m+fp/hard\libc_nano.a(libc_a-mallocr.o)
                0x20003c94                __malloc_free_list
 *(COMMON)
                0x20003c98                        . = ALIGN (0x4)
                0x20003c98                        _ebss = .
                0x20003c98                        __bss_end__ = _ebss

._user_heap_stack
                0x20003c98      0x600
                0x20003c98                        . = ALIGN (0x8)
                [!provide]                        PROVIDE (end = .)
                0x20003c98                        PROVIDE (_end = .)
                0x20003e98                        . = (. + _Min_Heap_Size)
 *fill*         0x20003c98      0x200 
                0x20004298                        . = (. + _Min_Stack_Size)
 *fill*         0x20003e98      0x400 
                0x20004298                        . = ALIGN (0x8)

/DISCARD/
 libc.a(*)
 libm.a(*)
 libgcc.a(*)

.ARM.attributes
                0x00000000       0x30
 *(.ARM.attributes)
 .ARM.attributes
                0x00000000       0x22 C:/Program Files/STM32CubeIDE_2.0.0/STM32CubeIDE/plugins/com.st.stm32cube.ide.mcu.externaltools.gnu-tools-for-stm32.13.3.rel1.win32_1.0.100.202509120712/tools/bin/../lib/gcc/arm-none-eabi/13.3.1/thumb/v7e-m+fp/hard/crti.o
 .ARM.attributes
                0x00000022       0x34 C:/Program Files/STM32CubeIDE_2.0.0/STM32CubeIDE/plugins/com.st.stm32cube.ide.mcu.externaltools.gnu-tools-for-stm32.13.3.rel1.win32_1.0.100.202509120712/tools/bin/../lib/gcc/arm-none-eabi/13.3.1/thumb/v7e-m+fp/hard/crtbegin.o
 .ARM.attributes
                0x00000056       0x34 ./Core/Src/esp8266.o
 .ARM.attributes
                0x0000008a       0x34 ./Core/Src/k210_protocol.o
 .ARM.attributes
                0x000000be       0x34 ./Core/Src/main.o
 .ARM.attributes
                0x000000f2       0x34 ./Core/Src/stm32f4xx_hal_msp.o
 .ARM.attributes
                0x00000126       0x34 ./Core/Src/stm32f4xx_hal_timebase_tim.o
 .ARM.attributes
                0x0000015a       0x34 ./Core/Src/stm32f4xx_it.o
 .ARM.attributes
                0x0000018e       0x34 ./Core/Src/syscalls.o
 .ARM.attributes
                0x000001c2       0x34 ./Core/Src/sysmem.o
 .ARM.attributes
                0x000001f6       0x34 ./Core/Src/system_stm32f4xx.o
 .ARM.attributes
                0x0000022a       0x21 ./Core/Startup/startup_stm32f407vetx.o
 .ARM.attributes
                0x0000024b       0x34 ./Drivers/STM32F4xx_HAL_Driver/Src/stm32f4xx_hal.o
 .ARM.attributes
                0x0000027f       0x34 ./Drivers/STM32F4xx_HAL_Driver/Src/stm32f4xx_hal_cortex.o
 .ARM.attributes
                0x000002b3       0x34 ./Drivers/STM32F4xx_HAL_Driver/Src/stm32f4xx_hal_dma.o
 .ARM.attributes
                0x000002e7       0x34 ./Drivers/STM32F4xx_HAL_Driver/Src/stm32f4xx_hal_gpio.o
 .ARM.attributes
                0x0000031b       0x34 ./Drivers/STM32F4xx_HAL_Driver/Src/stm32f4xx_hal_rcc.o
 .ARM.attributes
                0x0000034f       0x34 ./Drivers/STM32F4xx_HAL_Driver/Src/stm32f4xx_hal_tim.o
 .ARM.attributes
                0x00000383       0x34 ./Drivers/STM32F4xx_HAL_Driver/Src/stm32f4xx_hal_tim_ex.o
 .ARM.attributes
                0x000003b7       0x34 ./Drivers/STM32F4xx_HAL_Driver/Src/stm32f4xx_hal_uart.o
 .ARM.attributes
                0x000003eb       0x34 ./Middlewares/Third_Party/FreeRTOS/Source/CMSIS_RTOS_V2/cmsis_os2.o
 .ARM.attributes
                0x0000041f       0x34 ./Middlewares/Third_Party/FreeRTOS/Source/list.o
 .ARM.attributes
                0x00000453       0x34 ./Middlewares/Third_Party/FreeRTOS/Source/queue.o
 .ARM.attributes
                0x00000487       0x34 ./Middlewares/Third_Party/FreeRTOS/Source/tasks.o
 .ARM.attributes
                0x000004bb       0x34 ./Middlewares/Third_Party/FreeRTOS/Source/timers.o
 .ARM.attributes
                0x000004ef       0x34 ./Middlewares/Third_Party/FreeRTOS/Source/portable/GCC/ARM_CM4F/port.o
 .ARM.attributes
                0x00000523       0x34 ./Middlewares/Third_Party/FreeRTOS/Source/portable/MemMang/heap_4.o
 .ARM.attributes
                0x00000557       0x34 C:/Program Files/STM32CubeIDE_2.0.0/STM32CubeIDE/plugins/com.st.stm32cube.ide.mcu.externaltools.gnu-tools-for-stm32.13.3.rel1.win32_1.0.100.202509120712/tools/bin/../lib/gcc/arm-none-eabi/13.3.1/../../../../arm-none-eabi/lib/thumb/v7e-m+fp/hard\libc_nano.a(libc_a-findfp.o)
 .ARM.attributes
                0x0000058b       0x34 C:/Program Files/STM32CubeIDE_2.0.0/STM32CubeIDE/plugins/com.st.stm32cube.ide.mcu.externaltools.gnu-tools-for-stm32.13.3.rel1.win32_1.0.100.202509120712/tools/bin/../lib/gcc/arm-none-eabi/13.3.1/../../../../arm-none-eabi/lib/thumb/v7e-m+fp/hard\libc_nano.a(libc_a-fwalk.o)
 .ARM.attributes
                0x000005bf       0x34 C:/Program Files/STM32CubeIDE_2.0.0/STM32CubeIDE/plugins/com.st.stm32cube.ide.mcu.externaltools.gnu-tools-for-stm32.13.3.rel1.win32_1.0.100.202509120712/tools/bin/../lib/gcc/arm-none-eabi/13.3.1/../../../../arm-none-eabi/lib/thumb/v7e-m+fp/hard\libc_nano.a(libc_a-printf.o)
 .ARM.attributes
                0x000005f3       0x34 C:/Program Files/STM32CubeIDE_2.0.0/STM32CubeIDE/plugins/com.st.stm32cube.ide.mcu.externaltools.gnu-tools-for-stm32.13.3.rel1.win32_1.0.100.202509120712/tools/bin/../lib/gcc/arm-none-eabi/13.3.1/../../../../arm-none-eabi/lib/thumb/v7e-m+fp/hard\libc_nano.a(libc_a-puts.o)
 .ARM.attributes